Archive member included because of file (symbol)

c:/dave-3.1.10/arm-gcc/bin/../lib/gcc/arm-none-eabi/4.7.4/../../../../arm-none-eabi/lib/armv7e-m\libm.a(lib_a-s_ceil.o)
                              LSM9DS1_drivers.o (ceil)
c:/dave-3.1.10/arm-gcc/bin/../lib/gcc/arm-none-eabi/4.7.4/../../../../arm-none-eabi/lib/armv7e-m\libm.a(lib_a-s_round.o)
                              LSM9DS1_drivers.o (round)
c:/dave-3.1.10/arm-gcc/bin/../lib/gcc/arm-none-eabi/4.7.4/armv7e-m\libgcc.a(_arm_addsubdf3.o)
                              c:/dave-3.1.10/arm-gcc/bin/../lib/gcc/arm-none-eabi/4.7.4/../../../../arm-none-eabi/lib/armv7e-m\libm.a(lib_a-s_ceil.o) (__aeabi_dadd)
c:/dave-3.1.10/arm-gcc/bin/../lib/gcc/arm-none-eabi/4.7.4/armv7e-m\libgcc.a(_arm_muldivdf3.o)
                              LSM9DS1_drivers.o (__aeabi_ddiv)
c:/dave-3.1.10/arm-gcc/bin/../lib/gcc/arm-none-eabi/4.7.4/armv7e-m\libgcc.a(_arm_cmpdf2.o)
                              c:/dave-3.1.10/arm-gcc/bin/../lib/gcc/arm-none-eabi/4.7.4/../../../../arm-none-eabi/lib/armv7e-m\libm.a(lib_a-s_ceil.o) (__aeabi_dcmpgt)
c:/dave-3.1.10/arm-gcc/bin/../lib/gcc/arm-none-eabi/4.7.4/armv7e-m\libgcc.a(_arm_fixdfsi.o)
                              LSM9DS1_drivers.o (__aeabi_d2iz)
c:/dave-3.1.10/arm-gcc/bin/../lib/gcc/arm-none-eabi/4.7.4/armv7e-m\libgcc.a(_arm_truncdfsf2.o)
                              LSM9DS1_drivers.o (__aeabi_d2f)
c:/dave-3.1.10/arm-gcc/bin/../lib/gcc/arm-none-eabi/4.7.4/../../../../arm-none-eabi/lib/armv7e-m\libg.a(lib_a-init.o)
                              Startup/startup_XMC4500.o (__libc_init_array)
c:/dave-3.1.10/arm-gcc/bin/../lib/gcc/arm-none-eabi/4.7.4/../../../../arm-none-eabi/lib/armv7e-m\libg.a(lib_a-memcpy.o)
                              Bluetooth.o (memcpy)
c:/dave-3.1.10/arm-gcc/bin/../lib/gcc/arm-none-eabi/4.7.4/../../../../arm-none-eabi/lib/armv7e-m\libg.a(lib_a-strcmp.o)
                              Bluetooth.o (strcmp)
c:/dave-3.1.10/arm-gcc/bin/../lib/gcc/arm-none-eabi/4.7.4/../../../../arm-none-eabi/lib/armv7e-m\libg.a(lib_a-strlen.o)
                              Bluetooth.o (strlen)
c:/dave-3.1.10/arm-gcc/bin/../lib/gcc/arm-none-eabi/4.7.4/../../../../arm-none-eabi/lib/armv7e-m\libg.a(lib_a-strstr.o)
                              Bluetooth.o (strstr)
c:/dave-3.1.10/arm-gcc/bin/../lib/gcc/arm-none-eabi/4.7.4/../../../../arm-none-eabi/lib/armv7e-m\libg.a(lib_a-memchr.o)
                              c:/dave-3.1.10/arm-gcc/bin/../lib/gcc/arm-none-eabi/4.7.4/../../../../arm-none-eabi/lib/armv7e-m\libg.a(lib_a-strstr.o) (memchr)
c:/dave-3.1.10/arm-gcc/bin/../lib/gcc/arm-none-eabi/4.7.4/../../../../arm-none-eabi/lib/armv7e-m\libg.a(lib_a-memcmp.o)
                              c:/dave-3.1.10/arm-gcc/bin/../lib/gcc/arm-none-eabi/4.7.4/../../../../arm-none-eabi/lib/armv7e-m\libg.a(lib_a-strstr.o) (memcmp)
c:/dave-3.1.10/arm-gcc/bin/../lib/gcc/arm-none-eabi/4.7.4/../../../../arm-none-eabi/lib/armv7e-m\libg.a(lib_a-strchr.o)
                              c:/dave-3.1.10/arm-gcc/bin/../lib/gcc/arm-none-eabi/4.7.4/../../../../arm-none-eabi/lib/armv7e-m\libg.a(lib_a-strstr.o) (strchr)

Allocating common symbols
Common symbol       size              file

aBias               0xc               Bluetooth.o
mBiasRaw            0x6               Bluetooth.o
StatusReadBytes     0x4               Bluetooth.o
receiveStatus       0x4               Bluetooth.o
emergencySentStatus
                    0x4               Bluetooth.o
statusSent          0x4               Bluetooth.o
TimerTbl            0x400             Dave/Generated/src/SYSTM001/SYSTM001.o
settings            0x28              Bluetooth.o
statusRxFifoFilling
                    0x4               Bluetooth.o
_autoCalc           0x1               Bluetooth.o
sendStatus          0x1               Bluetooth.o
transmitID          0x4               Bluetooth.o
lastStageOfInitializationBt
                    0x4               Bluetooth.o
Status              0x4               Bluetooth.o
l                   0x4               Bluetooth.o
k                   0x4               Bluetooth.o
gy                  0x2               Bluetooth.o
az                  0x2               Bluetooth.o
dataToSend          0x64              Bluetooth.o
commandsInitBt      0x320             Bluetooth.o
temperature         0x2               Bluetooth.o
WriteTimerId        0x4               Bluetooth.o
my                  0x2               Bluetooth.o
emergencyReadID     0x4               Bluetooth.o
lengthReceive       0x4               Bluetooth.o
TimerIdReceive      0x4               Bluetooth.o
copiedData          0x46              Bluetooth.o
dataToReceive       0x64              Bluetooth.o
initStatus          0x1               Bluetooth.o
StatusReceive       0x4               Bluetooth.o
z                   0x4               Bluetooth.o
ax                  0x2               Bluetooth.o
aRes                0x4               Bluetooth.o
_mAddress           0x1               Bluetooth.o
TimerIDSetConnection
[...]
Memory Configuration

Name             Origin             Length             Attributes
FLASH_1_cached   0x08000000         0x00100000         xr
FLASH_1_uncached 0x0c000000         0x00100000         xr
PSRAM_1          0x10000000         0x00010000         !xr
DSRAM_1_system   0x20000000         0x00010000         !xr
DSRAM_2_comm     0x30000000         0x00008000         !xr
*default*        0x00000000         0xffffffff

Linker script and memory map

LOAD Bluetooth.o
LOAD LSM9DS1_drivers.o
LOAD Main.o
LOAD timerFunctions.o
LOAD timerFunctionsLSM.o
LOAD Startup/startup_XMC4500.o
LOAD Startup/system_XMC4500.o
LOAD Lib/System_LibcStubs.o
LOAD Dave/Generated/src/UART001/UART001.o
LOAD Dave/Generated/src/UART001/UART001_Conf.o
LOAD Dave/Generated/src/SYSTM001/SYSTM001.o
LOAD Dave/Generated/src/RESET001/RESET001.o
LOAD Dave/Generated/src/LIBS/CCU8PWMLIB.o
LOAD Dave/Generated/src/LIBS/MOTORLIB.o
LOAD Dave/Generated/src/IO004/IO004.o
LOAD Dave/Generated/src/IO004/IO004_Conf.o
LOAD Dave/Generated/src/I2C001/I2C001.o
LOAD Dave/Generated/src/I2C001/I2C001_Conf.o
LOAD Dave/Generated/src/DAVESupport/DAVE3.o
LOAD Dave/Generated/src/DAVESupport/MULTIPLEXER.o
LOAD Dave/Generated/src/CLK001/CLK001.o
LOAD c:/dave-3.1.10/arm-gcc/bin/../lib/gcc/arm-none-eabi/4.7.4/../../../../arm-none-eabi/lib/armv7e-m\libm.a
START GROUP
LOAD c:/dave-3.1.10/arm-gcc/bin/../lib/gcc/arm-none-eabi/4.7.4/armv7e-m\libgcc.a
LOAD c:/dave-3.1.10/arm-gcc/bin/../lib/gcc/arm-none-eabi/4.7.4/../../../../arm-none-eabi/lib/armv7e-m\libg.a
LOAD c:/dave-3.1.10/arm-gcc/bin/../lib/gcc/arm-none-eabi/4.7.4/../../../../arm-none-eabi/lib/armv7e-m\libc.a
END GROUP
                0x00000800                stack_size = 0x800

.text           0x08000000     0x9230 load address 0x0c000000
                0x08000000                sText = .
 *(.Xmc4500.reset)
 .Xmc4500.reset
                0x08000000      0x21c Startup/startup_XMC4500.o
                0x08000000                __Xmc4500_interrupt_vector_cortex_m
                0x08000200                __Xmc4500_reset_cortex_m
 *(.Xmc4500.postreset)
 .Xmc4500.postreset
                0x0800021c       0xa8 Startup/startup_XMC4500.o
 *(.XmcStartup)
 .XmcStartup    0x080002c4        0x4 Startup/startup_XMC4500.o
 *(.text .text.* .gnu.linkonce.t.*)
 .text          0x080002c8        0x0 Bluetooth.o
 .text.initVariables
                0x080002c8      0x124 Bluetooth.o
                0x080002c8                initVariables
 .text.timerHandler
                0x080003ec       0xcc Bluetooth.o
                0x080003ec                timerHandler
 .text.sendBluetooth
                0x080004b8       0x14 Bluetooth.o
                0x080004b8                sendBluetooth
 .text.checkFunction
                0x080004cc       0x44 Bluetooth.o
                0x080004cc                checkFunction
 .text.emptyReadData
                0x08000510       0x3c Bluetooth.o
                0x08000510                emptyReadData
 .text.askAboutSending
                0x0800054c       0x28 Bluetooth.o
                0x0800054c                askAboutSending
 .text.stopAskingAboutSending
                0x08000574       0x28 Bluetooth.o
                0x08000574                stopAskingAboutSending
 .text.statusRtsFlowControl
                0x0800059c       0x2c Bluetooth.o
                0x0800059c                statusRtsFlowControl
 .text.checkStatusCts
                0x080005c8       0x2c Bluetooth.o
                0x080005c8                checkStatusCts
 .text.copyCheckAnswers
                0x080005f4       0xc4 Bluetooth.o
                0x080005f4                copyCheckAnswers
 .text.copyCommands
                0x080006b8       0xec Bluetooth.o
                0x080006b8                copyCommands
 .text.initCommandsAndAnswers
                0x080007a4       0x10 Bluetooth.o
                0x080007a4                initCommandsAndAnswers
 .text.initFlowControl
                0x080007b4        0xc Bluetooth.o
                0x080007b4                initFlowControl
 .text.timerReceiveHandler
                0x080007c0       0x7c Bluetooth.o
                0x080007c0                timerReceiveHandler
 .text.connectStatus
                0x0800083c       0x2c Bluetooth.o
                0x0800083c                connectStatus
 .text.timerHandlerConnectionSet
                0x08000868       0xcc Bluetooth.o
                0x08000868                timerHandlerConnectionSet
 .text.timerReceiveHandler1
                0x08000934       0x7c Bluetooth.o
                0x08000934                timerReceiveHandler1
 .text.receive  0x080009b0       0x44 Bluetooth.o
                0x080009b0                receive
 .text.transmit
                0x080009f4      0x130 Bluetooth.o
                0x080009f4                transmit
 .text.read     0x08000b24      0x130 Bluetooth.o
                0x08000b24                read
 .text.send     0x08000c54       0xac Bluetooth.o
                0x08000c54                send
 .text.copyData
                0x08000d00       0x7c Bluetooth.o
                0x08000d00                copyData
 .text.blueToothHandle
                0x08000d7c       0x2c Bluetooth.o
                0x08000d7c                blueToothHandle
 .text.compareStrings
                0x08000da8       0x30 Bluetooth.o
                0x08000da8                compareStrings
 .text.turnOnLeftDiode
                0x08000dd8       0x28 Bluetooth.o
                0x08000dd8                turnOnLeftDiode
 .text.turnOffLeftDiode
                0x08000e00       0x28 Bluetooth.o
                0x08000e00                turnOffLeftDiode
 .text.turnOnRightDiode
                0x08000e28       0x28 Bluetooth.o
                0x08000e28                turnOnRightDiode
 .text.turnOffRightDiode
                0x08000e50       0x28 Bluetooth.o
                0x08000e50                turnOffRightDiode
 .text.checkStream
                0x08000e78       0xd4 Bluetooth.o
                0x08000e78                checkStream
 .text.emergencySentHandler
                0x08000f4c       0x30 Bluetooth.o
                0x08000f4c                emergencySentHandler
 .text.manageConnection
                0x08000f7c      0x280 Bluetooth.o
                0x08000f7c                manageConnection
 .text          0x080011fc        0x0 LSM9DS1_drivers.o
 .text.init     0x080011fc      0x2bc LSM9DS1_drivers.o
                0x080011fc                init
 .text.begin    0x080014b8       0xb8 LSM9DS1_drivers.o
                0x080014b8                begin
 .text.constrainScales
                0x08001570       0xdc LSM9DS1_drivers.o
                0x08001570                constrainScales
 .text.calcgRes
                0x0800164c       0x34 LSM9DS1_drivers.o
                0x0800164c                calcgRes
 .text.calcaRes
                0x08001680       0x34 LSM9DS1_drivers.o
                0x08001680                calcaRes
 .text.calcmRes
                0x080016b4       0xb4 LSM9DS1_drivers.o
                0x080016b4                calcmRes
 .text.initI2C  0x08001768        0xc LSM9DS1_drivers.o
                0x08001768                initI2C
 .text.initSPI  0x08001774        0xc LSM9DS1_drivers.o
                0x08001774                initSPI
 .text.I2CreadByte
                0x08001780       0xf0 LSM9DS1_drivers.o
                0x08001780                I2CreadByte
 .text.mReadByte
                0x08001870       0x64 LSM9DS1_drivers.o
                0x08001870                mReadByte
 .text.SPIreadByte
                0x080018d4       0x1c LSM9DS1_drivers.o
                0x080018d4                SPIreadByte
 .text.xgReadByte
                0x080018f0       0x64 LSM9DS1_drivers.o
                0x080018f0                xgReadByte
 .text.xgReadBytes
                0x08001954       0x68 LSM9DS1_drivers.o
                0x08001954                xgReadBytes
 .text.I2CreadBytes
                0x080019bc      0x1a8 LSM9DS1_drivers.o
                0x080019bc                I2CreadBytes
 .text.I2CreadBytes1
                0x08001b64      0x190 LSM9DS1_drivers.o
                0x08001b64                I2CreadBytes1
 .text.SPIreadBytes
                0x08001cf4       0x1c LSM9DS1_drivers.o
                0x08001cf4                SPIreadBytes
 .text.initGyro
                0x08001d10      0x1a4 LSM9DS1_drivers.o
                0x08001d10                initGyro
 .text.xgWriteByte
                0x08001eb4       0x3c LSM9DS1_drivers.o
                0x08001eb4                xgWriteByte
 .text.I2CwriteByte
                0x08001ef0       0xd8 LSM9DS1_drivers.o
                0x08001ef0                I2CwriteByte
 .text.initAccel
                0x08001fc8      0x144 LSM9DS1_drivers.o
                0x08001fc8                initAccel
 .text.initMag  0x0800210c      0x140 LSM9DS1_drivers.o
                0x0800210c                initMag
 .text.mWriteByte
                0x0800224c       0x40 LSM9DS1_drivers.o
                0x0800224c                mWriteByte
 .text.enableFIFO
                0x0800228c       0x44 LSM9DS1_drivers.o
                0x0800228c                enableFIFO
 .text.setFIFO  0x080022d0       0x40 LSM9DS1_drivers.o
                0x080022d0                setFIFO
 .text.readGyro1
                0x08002310      0x1a0 LSM9DS1_drivers.o
                0x08002310                readGyro1
 .text.readAccel1
                0x080024b0      0x1dc LSM9DS1_drivers.o
                0x080024b0                readAccel1
 .text.readAccel1v1
                0x0800268c      0x2fc LSM9DS1_drivers.o
                0x0800268c                readAccel1v1
 .text.toAscii  0x08002988       0x98 LSM9DS1_drivers.o
                0x08002988                toAscii
 .text.calibrate
                0x08002a20      0x244 LSM9DS1_drivers.o
                0x08002a20                calibrate
 .text.magAvailable
                0x08002c64       0x38 LSM9DS1_drivers.o
                0x08002c64                magAvailable
 .text.readMag1
                0x08002c9c       0xe4 LSM9DS1_drivers.o
                0x08002c9c                readMag1
 .text.calibrateMag
                0x08002d80      0x1e4 LSM9DS1_drivers.o
                0x08002d80                calibrateMag
 .text.calcMag  0x08002f64       0x54 LSM9DS1_drivers.o
                0x08002f64                calcMag
 .text.magOffset
                0x08002fb8       0x64 LSM9DS1_drivers.o
                0x08002fb8                magOffset
 .text.accelAvailable
                0x0800301c       0x24 LSM9DS1_drivers.o
                0x0800301c                accelAvailable
 .text.gyroAvailable
                0x08003040       0x28 LSM9DS1_drivers.o
                0x08003040                gyroAvailable
 .text.tempAvailable
                0x08003068       0x28 LSM9DS1_drivers.o
                0x08003068                tempAvailable
 .text.readAccel
                0x08003090       0x6c LSM9DS1_drivers.o
                0x08003090                readAccel
 .text.readMag  0x080030fc       0x44 LSM9DS1_drivers.o
                0x080030fc                readMag
 .text.readTemp
                0x08003140       0x38 LSM9DS1_drivers.o
                0x08003140                readTemp
 .text.readGyro
                0x08003178       0x6c LSM9DS1_drivers.o
                0x08003178                readGyro
 .text.calcGyro
                0x080031e4       0x54 LSM9DS1_drivers.o
                0x080031e4                calcGyro
 .text.calcAccel
                0x08003238       0x54 LSM9DS1_drivers.o
                0x08003238                calcAccel
 .text.setGyroScale
                0x0800328c       0x88 LSM9DS1_drivers.o
                0x0800328c                setGyroScale
 .text.setAccelScale
                0x08003314       0x9c LSM9DS1_drivers.o
                0x08003314                setAccelScale
 .text.setMagScale
                0x080033b0       0xa4 LSM9DS1_drivers.o
                0x080033b0                setMagScale
 .text.setGyroODR
                0x08003454       0x60 LSM9DS1_drivers.o
                0x08003454                setGyroODR
 .text.setAccelODR
                0x080034b4       0x60 LSM9DS1_drivers.o
                0x080034b4                setAccelODR
 .text.setMagODR
                0x08003514       0x5c LSM9DS1_drivers.o
                0x08003514                setMagODR
 .text.configInt
                0x08003570       0x6c LSM9DS1_drivers.o
                0x08003570                configInt
 .text.configInactivity
                0x080035dc       0x50 LSM9DS1_drivers.o
                0x080035dc                configInactivity
 .text.getInactivity
                0x0800362c       0x28 LSM9DS1_drivers.o
                0x0800362c                getInactivity
 .text.configAccelInt
                0x08003654       0x34 LSM9DS1_drivers.o
                0x08003654                configAccelInt
 .text.configAccelThs
                0x08003688       0x4c LSM9DS1_drivers.o
                0x08003688                configAccelThs
 .text.getAccelIntSrc
                0x080036d4       0x34 LSM9DS1_drivers.o
                0x080036d4                getAccelIntSrc
 .text.configGyroInt
                0x08003708       0x48 LSM9DS1_drivers.o
                0x08003708                configGyroInt
 .text.configGyroThs
                0x08003750       0x7c LSM9DS1_drivers.o
                0x08003750                configGyroThs
 .text.getGyroIntSrc
                0x080037cc       0x34 LSM9DS1_drivers.o
                0x080037cc                getGyroIntSrc
 .text.configMagInt
                0x08003800       0x58 LSM9DS1_drivers.o
                0x08003800                configMagInt
 .text.configMagThs
                0x08003858       0x38 LSM9DS1_drivers.o
                0x08003858                configMagThs
 .text.getMagIntSrc
                0x08003890       0x34 LSM9DS1_drivers.o
                0x08003890                getMagIntSrc
 .text.sleepGyro
                0x080038c4       0x44 LSM9DS1_drivers.o
                0x080038c4                sleepGyro
 .text.getFIFOSamples
                0x08003908       0x18 LSM9DS1_drivers.o
                0x08003908                getFIFOSamples
 .text.mReadBytes
                0x08003920       0x68 LSM9DS1_drivers.o
                0x08003920                mReadBytes
 .text.myDelay  0x08003988       0x30 LSM9DS1_drivers.o
                0x08003988                myDelay
 .text          0x080039b8        0x0 Main.o
 .text.main     0x080039b8       0x4c Main.o
                0x080039b8                main
 .text.initBluetooth
                0x08003a04       0x44 Main.o
                0x08003a04                initBluetooth
 .text.initLSM9DS1
                0x08003a48       0x58 Main.o
                0x08003a48                initLSM9DS1
 .text          0x08003aa0        0x0 timerFunctions.o
 .text.makeTimer
                0x08003aa0       0x48 timerFunctions.o
                0x08003aa0                makeTimer
 .text.removeTimer
                0x08003ae8       0x44 timerFunctions.o
                0x08003ae8                removeTimer
 .text          0x08003b2c        0x0 timerFunctionsLSM.o
 .text.timerHandlerI2CreadByte
                0x08003b2c      0x214 timerFunctionsLSM.o
                0x08003b2c                timerHandlerI2CreadByte
 .text.delay    0x08003d40       0x2c timerFunctionsLSM.o
                0x08003d40                delay
 .text.timerHandlerI2CreadBytes
                0x08003d6c      0x214 timerFunctionsLSM.o
                0x08003d6c                timerHandlerI2CreadBytes
 .text.timerHandlerI2CreadBytes1
                0x08003f80      0x2e4 timerFunctionsLSM.o
                0x08003f80                timerHandlerI2CreadBytes1
 .text.timerHandlerI2CwriteByte
                0x08004264      0x188 timerFunctionsLSM.o
                0x08004264                timerHandlerI2CwriteByte
 .text          0x080043ec       0xe2 Startup/startup_XMC4500.o
                0x080043ec                NMI_Handler
                0x080043ee                HardFault_Handler
                0x080043f0                MemManage_Handler
                0x080043f2                BusFault_Handler
                0x080043f4                UsageFault_Handler
                0x080043f6                SVC_Handler
                0x080043f8                DebugMon_Handler
                0x080043fa                PendSV_Handler
                0x080043fe                SCU_0_IRQHandler
                0x08004400                ERU0_0_IRQHandler
                0x08004402                ERU0_1_IRQHandler
                0x08004404                ERU0_2_IRQHandler
                0x08004406                ERU0_3_IRQHandler
                0x08004408                ERU1_0_IRQHandler
                0x0800440a                ERU1_1_IRQHandler
                0x0800440c                ERU1_2_IRQHandler
                0x0800440e                ERU1_3_IRQHandler
                0x08004410                PMU0_0_IRQHandler
                0x08004412                VADC0_C0_0_IRQHandler
                0x08004414                VADC0_C0_1_IRQHandler
                0x08004416                VADC0_C0_2_IRQHandler
                0x08004418                VADC0_C0_3_IRQHandler
                0x0800441a                VADC0_G0_0_IRQHandler
                0x0800441c                VADC0_G0_1_IRQHandler
                0x0800441e                VADC0_G0_2_IRQHandler
                0x08004420                VADC0_G0_3_IRQHandler
                0x08004422                VADC0_G1_0_IRQHandler
                0x08004424                VADC0_G1_1_IRQHandler
                0x08004426                VADC0_G1_2_IRQHandler
                0x08004428                VADC0_G1_3_IRQHandler
                0x0800442a                VADC0_G2_0_IRQHandler
                0x0800442c                VADC0_G2_1_IRQHandler
                0x0800442e                VADC0_G2_2_IRQHandler
                0x08004430                VADC0_G2_3_IRQHandler
                0x08004432                VADC0_G3_0_IRQHandler
                0x08004434                VADC0_G3_1_IRQHandler
                0x08004436                VADC0_G3_2_IRQHandler
                0x08004438                VADC0_G3_3_IRQHandler
                0x0800443a                DSD0_0_IRQHandler
                0x0800443c                DSD0_1_IRQHandler
                0x0800443e                DSD0_2_IRQHandler
                0x08004440                DSD0_3_IRQHandler
                0x08004442                DSD0_4_IRQHandler
                0x08004444                DSD0_5_IRQHandler
                0x08004446                DSD0_6_IRQHandler
                0x08004448                DSD0_7_IRQHandler
                0x0800444a                DAC0_0_IRQHandler
                0x0800444c                DAC0_1_IRQHandler
                0x0800444e                CCU40_0_IRQHandler
                0x08004450                CCU40_1_IRQHandler
                0x08004452                CCU40_2_IRQHandler
                0x08004454                CCU40_3_IRQHandler
                0x08004456                CCU41_0_IRQHandler
                0x08004458                CCU41_1_IRQHandler
                0x0800445a                CCU41_2_IRQHandler
                0x0800445c                CCU41_3_IRQHandler
                0x0800445e                CCU42_0_IRQHandler
                0x08004460                CCU42_1_IRQHandler
                0x08004462                CCU42_2_IRQHandler
                0x08004464                CCU42_3_IRQHandler
                0x08004466                CCU43_0_IRQHandler
                0x08004468                CCU43_1_IRQHandler
                0x0800446a                CCU43_2_IRQHandler
                0x0800446c                CCU43_3_IRQHandler
                0x0800446e                CCU80_0_IRQHandler
                0x08004470                CCU80_1_IRQHandler
                0x08004472                CCU80_2_IRQHandler
                0x08004474                CCU80_3_IRQHandler
                0x08004476                CCU81_0_IRQHandler
                0x08004478                CCU81_1_IRQHandler
                0x0800447a                CCU81_2_IRQHandler
                0x0800447c                CCU81_3_IRQHandler
                0x0800447e                POSIF0_0_IRQHandler
                0x08004480                POSIF0_1_IRQHandler
                0x08004482                POSIF1_0_IRQHandler
                0x08004484                POSIF1_1_IRQHandler
                0x08004486                CAN0_0_IRQHandler
                0x08004488                CAN0_1_IRQHandler
                0x0800448a                CAN0_2_IRQHandler
                0x0800448c                CAN0_3_IRQHandler
                0x0800448e                CAN0_4_IRQHandler
                0x08004490                CAN0_5_IRQHandler
                0x08004492                CAN0_6_IRQHandler
                0x08004494                CAN0_7_IRQHandler
                0x08004496                USIC0_0_IRQHandler
                0x08004498                USIC0_1_IRQHandler
                0x0800449a                USIC0_2_IRQHandler
                0x0800449c                USIC0_3_IRQHandler
                0x0800449e                USIC0_4_IRQHandler
                0x080044a0                USIC0_5_IRQHandler
                0x080044a2                USIC1_0_IRQHandler
                0x080044a4                USIC1_1_IRQHandler
                0x080044a6                USIC1_2_IRQHandler
                0x080044a8                USIC1_3_IRQHandler
                0x080044aa                USIC1_4_IRQHandler
                0x080044ac                USIC1_5_IRQHandler
                0x080044ae                USIC2_0_IRQHandler
                0x080044b0                USIC2_1_IRQHandler
                0x080044b2                USIC2_2_IRQHandler
                0x080044b4                USIC2_3_IRQHandler
                0x080044b6                USIC2_4_IRQHandler
                0x080044b8                USIC2_5_IRQHandler
                0x080044ba                LEDTS0_0_IRQHandler
                0x080044bc                FCE0_0_IRQHandler
                0x080044be                GPDMA0_0_IRQHandler
                0x080044c0                SDMMC0_0_IRQHandler
                0x080044c2                USB0_0_IRQHandler
                0x080044c4                ETH0_0_IRQHandler
                0x080044c6                GPDMA1_0_IRQHandler
 .text          0x080044ce        0x0 Startup/system_XMC4500.o
 *fill*         0x080044ce        0x2 00
 .text.SystemInit
                0x080044d0       0x9c Startup/system_XMC4500.o
                0x080044d0                SystemInit
 .text.SystemCoreClockUpdate
                0x0800456c      0x148 Startup/system_XMC4500.o
                0x0800456c                SystemCoreClockUpdate
 .text.SystemClockSetup
                0x080046b4      0x4cc Startup/system_XMC4500.o
 .text          0x08004b80        0x0 Lib/System_LibcStubs.o
 .text._open    0x08004b80       0x1c Lib/System_LibcStubs.o
                0x08004b80                _open
 .text._lseek   0x08004b9c       0x1c Lib/System_LibcStubs.o
                0x08004b9c                _lseek
 .text._read    0x08004bb8       0x1c Lib/System_LibcStubs.o
                0x08004bb8                _read
 .text._write   0x08004bd4       0x1c Lib/System_LibcStubs.o
                0x08004bd4                _write
 .text._close   0x08004bf0       0x10 Lib/System_LibcStubs.o
                0x08004bf0                _close
 .text._fstat   0x08004c00       0x28 Lib/System_LibcStubs.o
                0x08004c00                _fstat
 .text._link    0x08004c28       0x28 Lib/System_LibcStubs.o
                0x08004c28                _link
 .text._unlink  0x08004c50       0x18 Lib/System_LibcStubs.o
                0x08004c50                _unlink
 .text._sbrk    0x08004c68       0xa0 Lib/System_LibcStubs.o
                0x08004c68                _sbrk
 .text._times   0x08004d08       0x18 Lib/System_LibcStubs.o
                0x08004d08                _times
 .text._wait    0x08004d20       0x18 Lib/System_LibcStubs.o
                0x08004d20                _wait
 .text._kill    0x08004d38       0x1c Lib/System_LibcStubs.o
                0x08004d38                _kill
 .text._fork    0x08004d54       0x10 Lib/System_LibcStubs.o
                0x08004d54                _fork
 .text._getpid  0x08004d64       0x10 Lib/System_LibcStubs.o
                0x08004d64                _getpid
 .text._exit    0x08004d74        0xc Lib/System_LibcStubs.o
                0x08004d74                _exit
 .text._init    0x08004d80        0xc Lib/System_LibcStubs.o
                0x08004d80                _init
 .text._isatty  0x08004d8c       0x18 Lib/System_LibcStubs.o
                0x08004d8c                _isatty
 .text          0x08004da4        0x0 Dave/Generated/src/UART001/UART001.o
 .text.UART001_lInit
                0x08004da4      0x1a8 Dave/Generated/src/UART001/UART001.o
                0x08004da4                UART001_lInit
 .text.UART001_lConfigTXPin
                0x08004f4c       0xfc Dave/Generated/src/UART001/UART001.o
                0x08004f4c                UART001_lConfigTXPin
 .text.UART001_labsRealType
                0x08005048       0x38 Dave/Generated/src/UART001/UART001.o
                0x08005048                UART001_labsRealType
 .text.UART001_lConfigureBaudRate
                0x08005080      0x4e8 Dave/Generated/src/UART001/UART001.o
                0x08005080                UART001_lConfigureBaudRate
 .text.UART001_Init
                0x08005568       0x6c Dave/Generated/src/UART001/UART001.o
                0x08005568                UART001_Init
 .text.UART001_DeInit
                0x080055d4       0x14 Dave/Generated/src/UART001/UART001.o
                0x080055d4                UART001_DeInit
 .text.UART001_Configure
                0x080055e8      0x114 Dave/Generated/src/UART001/UART001.o
                0x080055e8                UART001_Configure
 .text.UART001_ReadDataMultiple
                0x080056fc       0x80 Dave/Generated/src/UART001/UART001.o
                0x080056fc                UART001_ReadDataMultiple
 .text.UART001_ReadDataBytes
                0x0800577c       0x80 Dave/Generated/src/UART001/UART001.o
                0x0800577c                UART001_ReadDataBytes
 .text.UART001_WriteDataMultiple
                0x080057fc       0x90 Dave/Generated/src/UART001/UART001.o
                0x080057fc                UART001_WriteDataMultiple
 .text.UART001_WriteDataBytes
                0x0800588c       0x90 Dave/Generated/src/UART001/UART001.o
                0x0800588c                UART001_WriteDataBytes
 .text.UART001_GetFlagStatus
                0x0800591c       0x98 Dave/Generated/src/UART001/UART001.o
                0x0800591c                UART001_GetFlagStatus
 .text.UART001_ClearFlag
                0x080059b4       0x78 Dave/Generated/src/UART001/UART001.o
                0x080059b4                UART001_ClearFlag
 .text          0x08005a2c        0x0 Dave/Generated/src/UART001/UART001_Conf.o
 .text          0x08005a2c        0x0 Dave/Generated/src/SYSTM001/SYSTM001.o
 .text.NVIC_GetPriorityGrouping
                0x08005a2c       0x20 Dave/Generated/src/SYSTM001/SYSTM001.o
 .text.NVIC_SetPriority
                0x08005a4c       0x5c Dave/Generated/src/SYSTM001/SYSTM001.o
 .text.NVIC_EncodePriority
                0x08005aa8       0x78 Dave/Generated/src/SYSTM001/SYSTM001.o
 .text.SysTick_Config
                0x08005b20       0x64 Dave/Generated/src/SYSTM001/SYSTM001.o
 .text.SYSTM001_lInsertTimerList
                0x08005b84      0x214 Dave/Generated/src/SYSTM001/SYSTM001.o
 .text.SYSTM001_lRemoveTimerList
                0x08005d98       0xd8 Dave/Generated/src/SYSTM001/SYSTM001.o
 .text.SYSTM001_lTimerHandler
                0x08005e70       0x94 Dave/Generated/src/SYSTM001/SYSTM001.o
 .text.SysTick_Handler
                0x08005f04       0x5c Dave/Generated/src/SYSTM001/SYSTM001.o
                0x08005f04                SysTick_Handler
 .text.SYSTM001_Init
                0x08005f60       0x64 Dave/Generated/src/SYSTM001/SYSTM001.o
                0x08005f60                SYSTM001_Init
 .text.SYSTM001_CreateTimer
                0x08005fc4      0x1a0 Dave/Generated/src/SYSTM001/SYSTM001.o
                0x08005fc4                SYSTM001_CreateTimer
 .text.SYSTM001_StartTimer
                0x08006164       0xb4 Dave/Generated/src/SYSTM001/SYSTM001.o
                0x08006164                SYSTM001_StartTimer
 .text.SYSTM001_StopTimer
                0x08006218       0x90 Dave/Generated/src/SYSTM001/SYSTM001.o
                0x08006218                SYSTM001_StopTimer
 .text.SYSTM001_DeleteTimer
                0x080062a8       0x9c Dave/Generated/src/SYSTM001/SYSTM001.o
                0x080062a8                SYSTM001_DeleteTimer
 .text.SYSTM001_GetTime
                0x08006344       0x18 Dave/Generated/src/SYSTM001/SYSTM001.o
                0x08006344                SYSTM001_GetTime
 .text.SYSTM001_GetSysTickCount
                0x0800635c       0x28 Dave/Generated/src/SYSTM001/SYSTM001.o
                0x0800635c                SYSTM001_GetSysTickCount
 .text          0x08006384        0x0 Dave/Generated/src/RESET001/RESET001.o
 .text.RESET001_AssertReset
                0x08006384       0x54 Dave/Generated/src/RESET001/RESET001.o
                0x08006384                RESET001_AssertReset
 .text.RESET001_DeassertReset
                0x080063d8       0x54 Dave/Generated/src/RESET001/RESET001.o
                0x080063d8                RESET001_DeassertReset
 .text.RESET001_GetResetInfo
                0x0800642c       0x2c Dave/Generated/src/RESET001/RESET001.o
                0x0800642c                RESET001_GetResetInfo
 .text.RESET001_GetStatus
                0x08006458       0x7c Dave/Generated/src/RESET001/RESET001.o
                0x08006458                RESET001_GetStatus
 .text.RESET001_ClearResetInfo
                0x080064d4       0x28 Dave/Generated/src/RESET001/RESET001.o
                0x080064d4                RESET001_ClearResetInfo
 .text          0x080064fc        0x0 Dave/Generated/src/LIBS/CCU8PWMLIB.o
 .text          0x080064fc        0x0 Dave/Generated/src/LIBS/MOTORLIB.o
 .text          0x080064fc        0x0 Dave/Generated/src/IO004/IO004.o
 .text.IO004_Init
                0x080064fc      0x1ec Dave/Generated/src/IO004/IO004.o
                0x080064fc                IO004_Init
 .text.IO004_DisableOutputDriver
                0x080066e8      0x17c Dave/Generated/src/IO004/IO004.o
                0x080066e8                IO004_DisableOutputDriver
 .text.IO004_EnableOutputDriver
                0x08006864      0x17c Dave/Generated/src/IO004/IO004.o
                0x08006864                IO004_EnableOutputDriver
 .text          0x080069e0        0x0 Dave/Generated/src/IO004/IO004_Conf.o
 .text          0x080069e0        0x0 Dave/Generated/src/I2C001/I2C001.o
 .text.I2C001_lInit
                0x080069e0      0x1bc Dave/Generated/src/I2C001/I2C001.o
                0x080069e0                I2C001_lInit
 .text.I2C001_lConfigureBitRate
                0x08006b9c      0x1a0 Dave/Generated/src/I2C001/I2C001.o
                0x08006b9c                I2C001_lConfigureBitRate
 .text.I2C001_Init
                0x08006d3c       0xd8 Dave/Generated/src/I2C001/I2C001.o
                0x08006d3c                I2C001_Init
 .text.I2C001_DeInit
                0x08006e14        0xc Dave/Generated/src/I2C001/I2C001.o
                0x08006e14                I2C001_DeInit
 .text.I2C001_Configure
                0x08006e20      0x100 Dave/Generated/src/I2C001/I2C001.o
                0x08006e20                I2C001_Configure
 .text.I2C001_ReadData
                0x08006f20       0x54 Dave/Generated/src/I2C001/I2C001.o
                0x08006f20                I2C001_ReadData
 .text.I2C001_WriteData
                0x08006f74       0x6c Dave/Generated/src/I2C001/I2C001.o
                0x08006f74                I2C001_WriteData
 .text.I2C001_GetFlagStatus
                0x08006fe0       0xc8 Dave/Generated/src/I2C001/I2C001.o
                0x08006fe0                I2C001_GetFlagStatus
 .text.I2C001_ClearFlag
                0x080070a8       0x84 Dave/Generated/src/I2C001/I2C001.o
                0x080070a8                I2C001_ClearFlag
 .text          0x0800712c        0x0 Dave/Generated/src/I2C001/I2C001_Conf.o
 .text          0x0800712c        0x0 Dave/Generated/src/DAVESupport/DAVE3.o
 .text.NVIC_SetPriorityGrouping
                0x0800712c       0x50 Dave/Generated/src/DAVESupport/DAVE3.o
 .text.DAVE_Init
                0x0800717c       0x2c Dave/Generated/src/DAVESupport/DAVE3.o
                0x0800717c                DAVE_Init
 .text.SystemInit_DAVE3
                0x080071a8        0xc Dave/Generated/src/DAVESupport/DAVE3.o
                0x080071a8                SystemInit_DAVE3
 .text          0x080071b4        0x0 Dave/Generated/src/DAVESupport/MULTIPLEXER.o
 .text.DAVE_MUX_Init
                0x080071b4      0x210 Dave/Generated/src/DAVESupport/MULTIPLEXER.o
                0x080071b4                DAVE_MUX_Init
 .text.DAVE_MUX_PreInit
                0x080073c4        0xc Dave/Generated/src/DAVESupport/MULTIPLEXER.o
                0x080073c4                DAVE_MUX_PreInit
 .text          0x080073d0        0x0 Dave/Generated/src/CLK001/CLK001.o
 .text.CLK001_Delay
                0x080073d0       0x34 Dave/Generated/src/CLK001/CLK001.o
 .text.CLK001_SysClk_Valid
                0x08007404       0x38 Dave/Generated/src/CLK001/CLK001.o
 .text.CLK001_BackupClkTrim
                0x0800743c       0x94 Dave/Generated/src/CLK001/CLK001.o
 .text.CLK001_SetMainPLLClkSrc
                0x080074d0       0xf0 Dave/Generated/src/CLK001/CLK001.o
 .text.CLK001_ConfigMainPLL
                0x080075c0      0x15c Dave/Generated/src/CLK001/CLK001.o
 .text.CLK001_FreqStepupMainPLL
                0x0800771c      0x164 Dave/Generated/src/CLK001/CLK001.o
 .text.CLK001_SysClk_Init
                0x08007880       0x50 Dave/Generated/src/CLK001/CLK001.o
 .text.CLK001_Init
                0x080078d0       0x30 Dave/Generated/src/CLK001/CLK001.o
                0x080078d0                CLK001_Init
 .text.AllowPLLInitByStartup
                0x08007900       0x10 Dave/Generated/src/CLK001/CLK001.o
                0x08007900                AllowPLLInitByStartup
 .text          0x08007910        0x0 c:/dave-3.1.10/arm-gcc/bin/../lib/gcc/arm-none-eabi/4.7.4/../../../../arm-none-eabi/lib/armv7e-m\libm.a(lib_a-s_ceil.o)
 .text.ceil     0x08007910      0x120 c:/dave-3.1.10/arm-gcc/bin/../lib/gcc/arm-none-eabi/4.7.4/../../../../arm-none-eabi/lib/armv7e-m\libm.a(lib_a-s_ceil.o)
                0x08007910                ceil
 .text          0x08007a30        0x0 c:/dave-3.1.10/arm-gcc/bin/../lib/gcc/arm-none-eabi/4.7.4/../../../../arm-none-eabi/lib/armv7e-m\libm.a(lib_a-s_round.o)
 .text.round    0x08007a30       0xa0 c:/dave-3.1.10/arm-gcc/bin/../lib/gcc/arm-none-eabi/4.7.4/../../../../arm-none-eabi/lib/armv7e-m\libm.a(lib_a-s_round.o)
                0x08007a30                round
 .text          0x08007ad0      0x370 c:/dave-3.1.10/arm-gcc/bin/../lib/gcc/arm-none-eabi/4.7.4/armv7e-m\libgcc.a(_arm_addsubdf3.o)
                0x08007ad0                __aeabi_drsub
                0x08007ad8                __aeabi_dsub
                0x08007ad8                __subdf3
                0x08007adc                __aeabi_dadd
                0x08007adc                __adddf3
                0x08007d54                __floatunsidf
                0x08007d54                __aeabi_ui2d
                0x08007d74                __floatsidf
                0x08007d74                __aeabi_i2d
                0x08007d98                __aeabi_f2d
                0x08007d98                __extendsfdf2
                0x08007dd4                __floatundidf
                0x08007dd4                __aeabi_ul2d
                0x08007de4                __floatdidf
                0x08007de4                __aeabi_l2d
 .text          0x08007e40      0x424 c:/dave-3.1.10/arm-gcc/bin/../lib/gcc/arm-none-eabi/4.7.4/armv7e-m\libgcc.a(_arm_muldivdf3.o)
                0x08007e40                __aeabi_dmul
                0x08007e40                __muldf3
                0x08008094                __divdf3
                0x08008094                __aeabi_ddiv
 .text          0x08008264      0x110 c:/dave-3.1.10/arm-gcc/bin/../lib/gcc/arm-none-eabi/4.7.4/armv7e-m\libgcc.a(_arm_cmpdf2.o)
                0x08008264                __gtdf2
                0x08008264                __gedf2
                0x0800826c                __ltdf2
                0x0800826c                __ledf2
                0x08008274                __nedf2
                0x08008274                __eqdf2
                0x08008274                __cmpdf2
                0x080082f0                __aeabi_cdrcmple
                0x08008300                __aeabi_cdcmpeq
                0x08008300                __aeabi_cdcmple
                0x08008310                __aeabi_dcmpeq
                0x08008324                __aeabi_dcmplt
                0x08008338                __aeabi_dcmple
                0x0800834c                __aeabi_dcmpge
                0x08008360                __aeabi_dcmpgt
 .text          0x08008374       0x50 c:/dave-3.1.10/arm-gcc/bin/../lib/gcc/arm-none-eabi/4.7.4/armv7e-m\libgcc.a(_arm_fixdfsi.o)
                0x08008374                __aeabi_d2iz
                0x08008374                __fixdfsi
 .text          0x080083c4       0xa0 c:/dave-3.1.10/arm-gcc/bin/../lib/gcc/arm-none-eabi/4.7.4/armv7e-m\libgcc.a(_arm_truncdfsf2.o)
                0x080083c4                __truncdfsf2
                0x080083c4                __aeabi_d2f
 .text          0x08008464        0x0 c:/dave-3.1.10/arm-gcc/bin/../lib/gcc/arm-none-eabi/4.7.4/../../../../arm-none-eabi/lib/armv7e-m\libg.a(lib_a-init.o)
 .text.__libc_init_array
                0x08008464       0x94 c:/dave-3.1.10/arm-gcc/bin/../lib/gcc/arm-none-eabi/4.7.4/../../../../arm-none-eabi/lib/armv7e-m\libg.a(lib_a-init.o)
                0x08008464                __libc_init_array
 .text          0x080084f8        0x0 c:/dave-3.1.10/arm-gcc/bin/../lib/gcc/arm-none-eabi/4.7.4/../../../../arm-none-eabi/lib/armv7e-m\libg.a(lib_a-memcpy.o)
 .text.memcpy   0x080084f8      0x144 c:/dave-3.1.10/arm-gcc/bin/../lib/gcc/arm-none-eabi/4.7.4/../../../../arm-none-eabi/lib/armv7e-m\libg.a(lib_a-memcpy.o)
                0x080084f8                memcpy
 .text          0x0800863c        0x0 c:/dave-3.1.10/arm-gcc/bin/../lib/gcc/arm-none-eabi/4.7.4/../../../../arm-none-eabi/lib/armv7e-m\libg.a(lib_a-strcmp.o)
 .text.strcmp   0x0800863c       0x80 c:/dave-3.1.10/arm-gcc/bin/../lib/gcc/arm-none-eabi/4.7.4/../../../../arm-none-eabi/lib/armv7e-m\libg.a(lib_a-strcmp.o)
                0x0800863c                strcmp
 .text.strcmp_unaligned
                0x080086bc      0x15c c:/dave-3.1.10/arm-gcc/bin/../lib/gcc/arm-none-eabi/4.7.4/../../../../arm-none-eabi/lib/armv7e-m\libg.a(lib_a-strcmp.o)
 .text          0x08008818        0x0 c:/dave-3.1.10/arm-gcc/bin/../lib/gcc/arm-none-eabi/4.7.4/../../../../arm-none-eabi/lib/armv7e-m\libg.a(lib_a-strlen.o)
 .text.strlen   0x08008818       0x60 c:/dave-3.1.10/arm-gcc/bin/../lib/gcc/arm-none-eabi/4.7.4/../../../../arm-none-eabi/lib/armv7e-m\libg.a(lib_a-strlen.o)
                0x08008818                strlen
 .text          0x08008878        0x0 c:/dave-3.1.10/arm-gcc/bin/../lib/gcc/arm-none-eabi/4.7.4/../../../../arm-none-eabi/lib/armv7e-m\libg.a(lib_a-strstr.o)
 .text.critical_factorization
                0x08008878       0xbc c:/dave-3.1.10/arm-gcc/bin/../lib/gcc/arm-none-eabi/4.7.4/../../../../arm-none-eabi/lib/armv7e-m\libg.a(lib_a-strstr.o)
 .text.two_way_long_needle
                0x08008934      0x318 c:/dave-3.1.10/arm-gcc/bin/../lib/gcc/arm-none-eabi/4.7.4/../../../../arm-none-eabi/lib/armv7e-m\libg.a(lib_a-strstr.o)
 .text.strstr   0x08008c4c      0x2f0 c:/dave-3.1.10/arm-gcc/bin/../lib/gcc/arm-none-eabi/4.7.4/../../../../arm-none-eabi/lib/armv7e-m\libg.a(lib_a-strstr.o)
                0x08008c4c                strstr
 .text          0x08008f3c        0x0 c:/dave-3.1.10/arm-gcc/bin/../lib/gcc/arm-none-eabi/4.7.4/../../../../arm-none-eabi/lib/armv7e-m\libg.a(lib_a-memchr.o)
 .text.memchr   0x08008f3c      0x140 c:/dave-3.1.10/arm-gcc/bin/../lib/gcc/arm-none-eabi/4.7.4/../../../../arm-none-eabi/lib/armv7e-m\libg.a(lib_a-memchr.o)
                0x08008f3c                memchr
 .text          0x0800907c        0x0 c:/dave-3.1.10/arm-gcc/bin/../lib/gcc/arm-none-eabi/4.7.4/../../../../arm-none-eabi/lib/armv7e-m\libg.a(lib_a-memcmp.o)
 .text.memcmp   0x0800907c       0xb8 c:/dave-3.1.10/arm-gcc/bin/../lib/gcc/arm-none-eabi/4.7.4/../../../../arm-none-eabi/lib/armv7e-m\libg.a(lib_a-memcmp.o)
                0x0800907c                memcmp
 .text          0x08009134        0x0 c:/dave-3.1.10/arm-gcc/bin/../lib/gcc/arm-none-eabi/4.7.4/../../../../arm-none-eabi/lib/armv7e-m\libg.a(lib_a-strchr.o)
 .text.strchr   0x08009134       0xfc c:/dave-3.1.10/arm-gcc/bin/../lib/gcc/arm-none-eabi/4.7.4/../../../../arm-none-eabi/lib/armv7e-m\libg.a(lib_a-strchr.o)
                0x08009134                strchr
 *(.glue*)
 .glue_7        0x00000000        0x0 linker stubs
 .glue_7t       0x00000000        0x0 linker stubs
 *(.v4*)
 .v4_bx         0x00000000        0x0 linker stubs
 *(.vfp11_veneer)
 .vfp11_veneer  0x00000000        0x0 linker stubs
 *(.init)
                0x08009230                __preinit_array_start = .
 *(.preinit_array)
                0x08009230                __preinit_array_end = .
                0x08009230                __init_array_start = .
 *(SORT(.init_array.*))
 *(.init_array)
                0x08009230                __init_array_end = .
 *crtbegin.o(.ctors)
 *(EXCLUDE_FILE(*crtend.o) .ctors)
 *(SORT(.ctors.*))
 *crtend.o(.ctors)
 *(.fini)
                0x08009230                __fini_array_start = .
 *(.fini_array)
 *(SORT(.fini_array.*))
                0x08009230                __fini_array_end = .
 *crtbegin.o(.dtors)
 *(EXCLUDE_FILE(*crtend.o) .dtors)
 *(SORT(.dtors.*))
 *crtend.o(.dtors)
                0x08009230                __extab_start = .
 *(.ARM.extab* .gnu.linkonce.armextab.*)
 .ARM.extab.Xmc4500.reset
                0x08009230        0x0 Startup/startup_XMC4500.o
 .ARM.extab.Xmc4500.postreset
                0x08009230        0x0 Startup/startup_XMC4500.o
                0x08009230                . = ALIGN (0x4)
                0x08009230                __extab_end = ABSOLUTE (.)

.iplt           0x08009230        0x0 load address 0x0c009230
 .iplt          0x00000000        0x0 Bluetooth.o

.ARM.exidx      0x08009230       0x10 load address 0x0c009230
                0x08009230                __exidx_start = .
 *(.ARM.exidx* .gnu.linkonce.armexidx.*)
 .ARM.exidx.Xmc4500.reset
                0x08009230        0x8 Startup/startup_XMC4500.o
 .ARM.exidx.Xmc4500.postreset
                0x08009238        0x8 Startup/startup_XMC4500.o
                0x08009240                . = ALIGN (0x4)
                0x08009240                __exidx_end = ABSOLUTE (.)

.rodata         0x08009240      0x17c load address 0x0c009240
 *(.rodata .rodata.*)
 .rodata        0x08009240      0x108 Bluetooth.o
 .rodata        0x08009348       0x34 Dave/Generated/src/UART001/UART001_Conf.o
                0x08009348                UART001_Handle0
 .rodata        0x0800937c       0x28 Dave/Generated/src/IO004/IO004_Conf.o
                0x0800937c                IO004_Handle0
                0x08009384                IO004_Handle1
                0x0800938c                IO004_Handle2
                0x08009394                IO004_Handle3
                0x0800939c                IO004_Handle4
 .rodata        0x080093a4       0x18 Dave/Generated/src/I2C001/I2C001_Conf.o
                0x080093a4                I2C001_Handle0
 *(.gnu.linkonce.r*)

.rel.dyn        0x080093bc        0x0 load address 0x0c0093bc
 .rel.iplt      0x00000000        0x0 Bluetooth.o
                0x080093c0                . = ALIGN (0x10)
                0x0c0093c0                eROData = (. | 0x4000000)

Stack           0x10000000      0x800
                0x10000800                . = (. + stack_size)
 *fill*         0x10000000      0x800 00
                0x10000800                __Xmc4500_stack = .

.data3          0x10000800        0x0
                0x10000800                __data3_start = .
 *(.data3)
                0x10000800                __data3_end = .
                0x00000000                __data3_size = (__data3_end - __data3_start)

.data           0x20000000       0x18 load address 0x0c0093c0
                0x20000000                __Xmc4500_sData = .
 *(.data)
 .data          0x20000000        0x0 Bluetooth.o
 .data          0x20000000       0x10 LSM9DS1_drivers.o
                0x20000000                magSensitivity
 .data          0x20000010        0x0 Main.o
 .data          0x20000010        0x0 timerFunctions.o
 .data          0x20000010        0x0 timerFunctionsLSM.o
 .data          0x20000010        0x0 Startup/startup_XMC4500.o
 .data          0x20000010        0x4 Startup/system_XMC4500.o
                0x20000010                SystemCoreClock
 .data          0x20000014        0x0 Lib/System_LibcStubs.o
 .data          0x20000014        0x0 Dave/Generated/src/UART001/UART001.o
 .data          0x20000014        0x4 Dave/Generated/src/UART001/UART001_Conf.o
                0x20000014                UART001_HandleArray
 .data          0x20000018        0x0 Dave/Generated/src/SYSTM001/SYSTM001.o
 .data          0x20000018        0x0 Dave/Generated/src/RESET001/RESET001.o
 .data          0x20000018        0x0 Dave/Generated/src/LIBS/CCU8PWMLIB.o
 .data          0x20000018        0x0 Dave/Generated/src/LIBS/MOTORLIB.o
 .data          0x20000018        0x0 Dave/Generated/src/IO004/IO004.o
 .data          0x20000018        0x0 Dave/Generated/src/IO004/IO004_Conf.o
 .data          0x20000018        0x0 Dave/Generated/src/I2C001/I2C001.o
 .data          0x20000018        0x0 Dave/Generated/src/I2C001/I2C001_Conf.o
 .data          0x20000018        0x0 Dave/Generated/src/DAVESupport/DAVE3.o
 .data          0x20000018        0x0 Dave/Generated/src/DAVESupport/MULTIPLEXER.o
 .data          0x20000018        0x0 Dave/Generated/src/CLK001/CLK001.o
 .data          0x20000018        0x0 c:/dave-3.1.10/arm-gcc/bin/../lib/gcc/arm-none-eabi/4.7.4/../../../../arm-none-eabi/lib/armv7e-m\libm.a(lib_a-s_ceil.o)
 .data          0x20000018        0x0 c:/dave-3.1.10/arm-gcc/bin/../lib/gcc/arm-none-eabi/4.7.4/../../../../arm-none-eabi/lib/armv7e-m\libm.a(lib_a-s_round.o)
 .data          0x20000018        0x0 c:/dave-3.1.10/arm-gcc/bin/../lib/gcc/arm-none-eabi/4.7.4/armv7e-m\libgcc.a(_arm_addsubdf3.o)
 .data          0x20000018        0x0 c:/dave-3.1.10/arm-gcc/bin/../lib/gcc/arm-none-eabi/4.7.4/armv7e-m\libgcc.a(_arm_muldivdf3.o)
 .data          0x20000018        0x0 c:/dave-3.1.10/arm-gcc/bin/../lib/gcc/arm-none-eabi/4.7.4/armv7e-m\libgcc.a(_arm_cmpdf2.o)
 .data          0x20000018        0x0 c:/dave-3.1.10/arm-gcc/bin/../lib/gcc/arm-none-eabi/4.7.4/armv7e-m\libgcc.a(_arm_fixdfsi.o)
 .data          0x20000018        0x0 c:/dave-3.1.10/arm-gcc/bin/../lib/gcc/arm-none-eabi/4.7.4/armv7e-m\libgcc.a(_arm_truncdfsf2.o)
 .data          0x20000018        0x0 c:/dave-3.1.10/arm-gcc/bin/../lib/gcc/arm-none-eabi/4.7.4/../../../../arm-none-eabi/lib/armv7e-m\libg.a(lib_a-init.o)
 .data          0x20000018        0x0 c:/dave-3.1.10/arm-gcc/bin/../lib/gcc/arm-none-eabi/4.7.4/../../../../arm-none-eabi/lib/armv7e-m\libg.a(lib_a-memcpy.o)
 .data          0x20000018        0x0 c:/dave-3.1.10/arm-gcc/bin/../lib/gcc/arm-none-eabi/4.7.4/../../../../arm-none-eabi/lib/armv7e-m\libg.a(lib_a-strcmp.o)
 .data          0x20000018        0x0 c:/dave-3.1.10/arm-gcc/bin/../lib/gcc/arm-none-eabi/4.7.4/../../../../arm-none-eabi/lib/armv7e-m\libg.a(lib_a-strlen.o)
 .data          0x20000018        0x0 c:/dave-3.1.10/arm-gcc/bin/../lib/gcc/arm-none-eabi/4.7.4/../../../../arm-none-eabi/lib/armv7e-m\libg.a(lib_a-strstr.o)
 .data          0x20000018        0x0 c:/dave-3.1.10/arm-gcc/bin/../lib/gcc/arm-none-eabi/4.7.4/../../../../arm-none-eabi/lib/armv7e-m\libg.a(lib_a-memchr.o)
 .data          0x20000018        0x0 c:/dave-3.1.10/arm-gcc/bin/../lib/gcc/arm-none-eabi/4.7.4/../../../../arm-none-eabi/lib/armv7e-m\libg.a(lib_a-memcmp.o)
 .data          0x20000018        0x0 c:/dave-3.1.10/arm-gcc/bin/../lib/gcc/arm-none-eabi/4.7.4/../../../../arm-none-eabi/lib/armv7e-m\libg.a(lib_a-strchr.o)
 *(.data*)
 *(*.data)
 *(.gnu.linkonce.d*)
                0x20000018                __Xmc4500_eData = ALIGN (0x4)
                0x00000018                __Xmc4500_Data_Size = (__Xmc4500_eData - __Xmc4500_sData)

.igot.plt       0x20000018        0x0 load address 0x0c0093d8
 .igot.plt      0x00000000        0x0 Bluetooth.o

.ram_code       0x10000800        0x0 load address 0x0c0093d8
                0x10000800                __ram_code_start = .
 *(.ram_code)
                0x10000800                __ram_code_end = .
                0x0c0093d8                __ram_code_load = LOADADDR (.ram_code)
                0x00000000                __ram_code_size = (__ram_code_end - __ram_code_start)

.bss            0x20000018     0x21a0 load address 0x0c0093d8
                0x20000018                __Xmc4500_sBSS = .
 *(.bss)
 .bss           0x20000018        0x0 Bluetooth.o
 .bss           0x20000018        0xc LSM9DS1_drivers.o
                0x20000018                indexAccel
                0x2000001c                accelMeasurements
                0x20000020                gyroMeasurements
 .bss           0x20000024        0x0 Main.o
 .bss           0x20000024        0x0 timerFunctions.o
 .bss           0x20000024       0x24 timerFunctionsLSM.o
                0x20000024                indexI2CreadByte
                0x20000028                addressTimer
                0x20000029                subAddressTimer
                0x2000002a                DataReceive2
                0x2000002c                indexI2CreadBytes
                0x20000030                addressTimerI2CReadBytes
                0x20000031                subAddressTimerI2CReadBytes
                0x20000034                indexI2CwriteByte
                0x20000038                addressTimerWrite
                0x20000039                subAddressTimerWrite
                0x2000003a                dataWrite
                0x2000003c                accelerationXYZ
 .bss           0x20000048        0x0 Startup/startup_XMC4500.o
 .bss           0x20000048        0x0 Startup/system_XMC4500.o
 .bss           0x20000048        0xc Lib/System_LibcStubs.o
                0x20000048                __dso_handle
 .bss           0x20000054        0x0 Dave/Generated/src/UART001/UART001.o
 .bss           0x20000054        0x0 Dave/Generated/src/UART001/UART001_Conf.o
 .bss           0x20000054        0xc Dave/Generated/src/SYSTM001/SYSTM001.o
                0x20000054                TimerList
                0x20000058                TimerTracker
                0x2000005c                SysTickCount
 .bss           0x20000060        0x0 Dave/Generated/src/RESET001/RESET001.o
 .bss           0x20000060        0x0 Dave/Generated/src/LIBS/CCU8PWMLIB.o
 .bss           0x20000060        0x0 Dave/Generated/src/LIBS/MOTORLIB.o
 .bss           0x20000060        0x0 Dave/Generated/src/IO004/IO004.o
 .bss           0x20000060        0x0 Dave/Generated/src/IO004/IO004_Conf.o
 .bss           0x20000060        0x0 Dave/Generated/src/I2C001/I2C001.o
 .bss           0x20000060        0x0 Dave/Generated/src/I2C001/I2C001_Conf.o
 .bss           0x20000060        0x0 Dave/Generated/src/DAVESupport/DAVE3.o
 .bss           0x20000060        0x0 Dave/Generated/src/DAVESupport/MULTIPLEXER.o
 .bss           0x20000060        0x8 Dave/Generated/src/CLK001/CLK001.o
 .bss           0x20000068        0x0 c:/dave-3.1.10/arm-gcc/bin/../lib/gcc/arm-none-eabi/4.7.4/../../../../arm-none-eabi/lib/armv7e-m\libm.a(lib_a-s_ceil.o)
 .bss           0x20000068        0x0 c:/dave-3.1.10/arm-gcc/bin/../lib/gcc/arm-none-eabi/4.7.4/../../../../arm-none-eabi/lib/armv7e-m\libm.a(lib_a-s_round.o)
 .bss           0x20000068        0x0 c:/dave-3.1.10/arm-gcc/bin/../lib/gcc/arm-none-eabi/4.7.4/armv7e-m\libgcc.a(_arm_addsubdf3.o)
 .bss           0x20000068        0x0 c:/dave-3.1.10/arm-gcc/bin/../lib/gcc/arm-none-eabi/4.7.4/armv7e-m\libgcc.a(_arm_muldivdf3.o)
 .bss           0x20000068        0x0 c:/dave-3.1.10/arm-gcc/bin/../lib/gcc/arm-none-eabi/4.7.4/armv7e-m\libgcc.a(_arm_cmpdf2.o)
 .bss           0x20000068        0x0 c:/dave-3.1.10/arm-gcc/bin/../lib/gcc/arm-none-eabi/4.7.4/armv7e-m\libgcc.a(_arm_fixdfsi.o)
 .bss           0x20000068        0x0 c:/dave-3.1.10/arm-gcc/bin/../lib/gcc/arm-none-eabi/4.7.4/armv7e-m\libgcc.a(_arm_truncdfsf2.o)
 .bss           0x20000068        0x0 c:/dave-3.1.10/arm-gcc/bin/../lib/gcc/arm-none-eabi/4.7.4/../../../../arm-none-eabi/lib/armv7e-m\libg.a(lib_a-init.o)
 .bss           0x20000068        0x0 c:/dave-3.1.10/arm-gcc/bin/../lib/gcc/arm-none-eabi/4.7.4/../../../../arm-none-eabi/lib/armv7e-m\libg.a(lib_a-memcpy.o)
 .bss           0x20000068        0x0 c:/dave-3.1.10/arm-gcc/bin/../lib/gcc/arm-none-eabi/4.7.4/../../../../arm-none-eabi/lib/armv7e-m\libg.a(lib_a-strcmp.o)
 .bss           0x20000068        0x0 c:/dave-3.1.10/arm-gcc/bin/../lib/gcc/arm-none-eabi/4.7.4/../../../../arm-none-eabi/lib/armv7e-m\libg.a(lib_a-strlen.o)
 .bss           0x20000068        0x0 c:/dave-3.1.10/arm-gcc/bin/../lib/gcc/arm-none-eabi/4.7.4/../../../../arm-none-eabi/lib/armv7e-m\libg.a(lib_a-strstr.o)
 .bss           0x20000068        0x0 c:/dave-3.1.10/arm-gcc/bin/../lib/gcc/arm-none-eabi/4.7.4/../../../../arm-none-eabi/lib/armv7e-m\libg.a(lib_a-memchr.o)
 .bss           0x20000068        0x0 c:/dave-3.1.10/arm-gcc/bin/../lib/gcc/arm-none-eabi/4.7.4/../../../../arm-none-eabi/lib/armv7e-m\libg.a(lib_a-memcmp.o)
 .bss           0x20000068        0x0 c:/dave-3.1.10/arm-gcc/bin/../lib/gcc/arm-none-eabi/4.7.4/../../../../arm-none-eabi/lib/armv7e-m\libg.a(lib_a-strchr.o)
 *(.bss*)
 *(COMMON)
 COMMON         0x20000068      0x5dc Bluetooth.o
                0x20000068                aBias
                0x20000074                mBiasRaw
                0x2000007c                StatusReadBytes
                0x20000080                receiveStatus
                0x20000084                emergencySentStatus
                0x20000088                statusSent
                0x2000008c                settings
                0x200000b4                statusRxFifoFilling
                0x200000b8                _autoCalc
                0x200000b9                sendStatus
                0x200000bc                transmitID
                0x200000c0                lastStageOfInitializationBt
                0x200000c4                Status
                0x200000c8                l
                0x200000cc                k
                0x200000d0                gy
                0x200000d2                az
                0x200000d4                dataToSend
                0x20000138                commandsInitBt
                0x20000458                temperature
                0x2000045c                WriteTimerId
                0x20000460                my
                0x20000464                emergencyReadID
                0x20000468                lengthReceive
                0x2000046c                TimerIdReceive
                0x20000470                copiedData
                0x200004b8                dataToReceive
                0x2000051c                initStatus
                0x20000520                StatusReceive
                0x20000524                z
                0x20000528                ax
                0x2000052c                aRes
                0x20000530                _mAddress
                0x20000534                TimerIDSetConnection
                0x20000538                readStatus
                0x20000539                _xgAddress
                0x2000053c                TimerIdReadBytes
                0x20000540                emergencyReadStatus
                0x20000544                transmitStatus
                0x20000548                gBiasRaw
                0x20000550                aBiasRaw
                0x20000558                WriteTimerStatus
                0x2000055c                howManyRead
                0x20000560                chosenSensor
                0x20000564                gz
                0x20000568                statusSetConnection
                0x2000056c                receiveID
                0x20000570                gRes
                0x20000574                mz
                0x20000578                readData
                0x200005c0                lk
                0x200005d4                gBias
                0x200005e0                mRes
                0x200005e4                turnOnSendingReceiving
                0x200005e8                emergencySentID
                0x200005ec                m
                0x200005f0                gx
                0x200005f2                ay
                0x200005f4                mx
                0x200005f8                stageOfInitializationBt
                0x200005fc                TimerId
                0x20000600                checkAnswersBt
                0x20000638                mBias
 COMMON         0x20000644     0x1774 LSM9DS1_drivers.o
                0x20000644                accelMeasurementsNum
                0x20000648                poms
 COMMON         0x20001db8      0x400 Dave/Generated/src/SYSTM001/SYSTM001.o
                0x20001db8                TimerTbl
 *(.gnu.linkonce.b*)
                0x200021b8                __Xmc4500_eBSS = ALIGN (0x4)
                0x200021b8                . = ALIGN (0x4)
                0x200021b8                Heap_Bank1_Start = .
                0x000021a0                __Xmc4500_BSS_Size = (__Xmc4500_eBSS - __Xmc4500_sBSS)

.data2          0x30000000        0x0
                0x30000000                __data2_start = .
 *(ETH_RAM)
                0x30000000                __data2_end = .
                0x00000000                __data2_size = (__data2_end - __data2_start)
                0x0000de48                Heap_Bank1_Size = (0x10000 - (Heap_Bank1_Start - ORIGIN (DSRAM_1_system)))

DSRAM2_Heap     0x30000000        0x0
                0x30000000                Heap_Bank2_Start = .
                0x00008000                Heap_Bank2_Size = (0x8000 - (Heap_Bank2_Start - ORIGIN (DSRAM_2_comm)))

PSRAM_Heap      0x10000800        0x0
                0x10000800                Heap_Bank3_Start = .
                0x0000f800                Heap_Bank3_Size = (0x10000 - (Heap_Bank3_Start - ORIGIN (PSRAM_1)))

/DISCARD/
 *(.comment)

.stab
 *(.stab)

.stabstr
 *(.stabstr)

.debug
 *(.debug)

.line
 *(.line)

.debug_srcinfo
 *(.debug_srcinfo)

.debug_sfnames
 *(.debug_sfnames)

.debug_aranges  0x00000000      0x7e0
 *(.debug_aranges)
 .debug_aranges
                0x00000000      0x110 Bluetooth.o
 .debug_aranges
                0x00000110      0x220 LSM9DS1_drivers.o
 .debug_aranges
                0x00000330       0x30 Main.o
 .debug_aranges
                0x00000360       0x28 timerFunctions.o
 .debug_aranges
                0x00000388       0x40 timerFunctionsLSM.o
 .debug_aranges
                0x000003c8       0x38 Startup/startup_XMC4500.o
 .debug_aranges
                0x00000400       0x30 Startup/system_XMC4500.o
 .debug_aranges
                0x00000430       0xa0 Lib/System_LibcStubs.o
 .debug_aranges
                0x000004d0       0x80 Dave/Generated/src/UART001/UART001.o
 .debug_aranges
                0x00000550       0x18 Dave/Generated/src/UART001/UART001_Conf.o
 .debug_aranges
                0x00000568       0x90 Dave/Generated/src/SYSTM001/SYSTM001.o
 .debug_aranges
                0x000005f8       0x40 Dave/Generated/src/RESET001/RESET001.o
 .debug_aranges
                0x00000638       0x18 Dave/Generated/src/LIBS/CCU8PWMLIB.o
 .debug_aranges
                0x00000650       0x18 Dave/Generated/src/LIBS/MOTORLIB.o
 .debug_aranges
                0x00000668       0x30 Dave/Generated/src/IO004/IO004.o
 .debug_aranges
                0x00000698       0x18 Dave/Generated/src/IO004/IO004_Conf.o
 .debug_aranges
                0x000006b0       0x60 Dave/Generated/src/I2C001/I2C001.o
 .debug_aranges
                0x00000710       0x18 Dave/Generated/src/I2C001/I2C001_Conf.o
 .debug_aranges
                0x00000728       0x30 Dave/Generated/src/DAVESupport/DAVE3.o
 .debug_aranges
                0x00000758       0x28 Dave/Generated/src/DAVESupport/MULTIPLEXER.o
 .debug_aranges
                0x00000780       0x60 Dave/Generated/src/CLK001/CLK001.o

.debug_pubnames
 *(.debug_pubnames)

.debug_pubtypes
 *(.debug_pubtypes)

.debug_info     0x00000000     0xb57f
 *(.debug_info .gnu.linkonce.wi.*)
 .debug_info    0x00000000     0x1819 Bluetooth.o
 .debug_info    0x00001819     0x21cd LSM9DS1_drivers.o
 .debug_info    0x000039e6      0x6ba Main.o
 .debug_info    0x000040a0      0x1ab timerFunctions.o
 .debug_info    0x0000424b      0xe95 timerFunctionsLSM.o
 .debug_info    0x000050e0       0x70 Startup/startup_XMC4500.o
 .debug_info    0x00005150      0xaf0 Startup/system_XMC4500.o
 .debug_info    0x00005c40      0x65f Lib/System_LibcStubs.o
 .debug_info    0x0000629f      0xfc2 Dave/Generated/src/UART001/UART001.o
 .debug_info    0x00007261      0x805 Dave/Generated/src/UART001/UART001_Conf.o
 .debug_info    0x00007a66      0xc2e Dave/Generated/src/SYSTM001/SYSTM001.o
 .debug_info    0x00008694      0x47c Dave/Generated/src/RESET001/RESET001.o
 .debug_info    0x00008b10       0x94 Dave/Generated/src/LIBS/CCU8PWMLIB.o
 .debug_info    0x00008ba4       0x94 Dave/Generated/src/LIBS/MOTORLIB.o
 .debug_info    0x00008c38      0x3d3 Dave/Generated/src/IO004/IO004.o
 .debug_info    0x0000900b      0x2ce Dave/Generated/src/IO004/IO004_Conf.o
 .debug_info    0x000092d9      0xbd1 Dave/Generated/src/I2C001/I2C001.o
 .debug_info    0x00009eaa      0x54a Dave/Generated/src/I2C001/I2C001_Conf.o
 .debug_info    0x0000a3f4      0x2e9 Dave/Generated/src/DAVESupport/DAVE3.o
 .debug_info    0x0000a6dd      0x819 Dave/Generated/src/DAVESupport/MULTIPLEXER.o
 .debug_info    0x0000aef6      0x689 Dave/Generated/src/CLK001/CLK001.o

.debug_abbrev   0x00000000     0x1d51
 *(.debug_abbrev)
 .debug_abbrev  0x00000000      0x330 Bluetooth.o
 .debug_abbrev  0x00000330      0x33a LSM9DS1_drivers.o
 .debug_abbrev  0x0000066a      0x15c Main.o
 .debug_abbrev  0x000007c6       0xb5 timerFunctions.o
 .debug_abbrev  0x0000087b      0x235 timerFunctionsLSM.o
 .debug_abbrev  0x00000ab0       0x12 Startup/startup_XMC4500.o
 .debug_abbrev  0x00000ac2      0x154 Startup/system_XMC4500.o
 .debug_abbrev  0x00000c16      0x149 Lib/System_LibcStubs.o
 .debug_abbrev  0x00000d5f      0x203 Dave/Generated/src/UART001/UART001.o
 .debug_abbrev  0x00000f62      0x12c Dave/Generated/src/UART001/UART001_Conf.o
 .debug_abbrev  0x0000108e      0x26b Dave/Generated/src/SYSTM001/SYSTM001.o
 .debug_abbrev  0x000012f9      0x122 Dave/Generated/src/RESET001/RESET001.o
 .debug_abbrev  0x0000141b       0x4e Dave/Generated/src/LIBS/CCU8PWMLIB.o
 .debug_abbrev  0x00001469       0x4e Dave/Generated/src/LIBS/MOTORLIB.o
 .debug_abbrev  0x000014b7      0x129 Dave/Generated/src/IO004/IO004.o
 .debug_abbrev  0x000015e0       0xbb Dave/Generated/src/IO004/IO004_Conf.o
 .debug_abbrev  0x0000169b      0x20a Dave/Generated/src/I2C001/I2C001.o
 .debug_abbrev  0x000018a5      0x110 Dave/Generated/src/I2C001/I2C001_Conf.o
 .debug_abbrev  0x000019b5       0xf3 Dave/Generated/src/DAVESupport/DAVE3.o
 .debug_abbrev  0x00001aa8      0x123 Dave/Generated/src/DAVESupport/MULTIPLEXER.o
 .debug_abbrev  0x00001bcb      0x186 Dave/Generated/src/CLK001/CLK001.o

.debug_line     0x00000000     0xa8a2
 *(.debug_line)
 .debug_line    0x00000000      0xc9f Bluetooth.o
 .debug_line    0x00000c9f     0x121c LSM9DS1_drivers.o
 .debug_line    0x00001ebb      0x99f Main.o
 .debug_line    0x0000285a      0x8a3 timerFunctions.o
 .debug_line    0x000030fd      0xb36 timerFunctionsLSM.o
 .debug_line    0x00003c33      0x130 Startup/startup_XMC4500.o
 .debug_line    0x00003d63      0x3b7 Startup/system_XMC4500.o
 .debug_line    0x0000411a      0x3c1 Lib/System_LibcStubs.o
 .debug_line    0x000044db      0x6bd Dave/Generated/src/UART001/UART001.o
 .debug_line    0x00004b98      0x3d5 Dave/Generated/src/UART001/UART001_Conf.o
 .debug_line    0x00004f6d      0xa88 Dave/Generated/src/SYSTM001/SYSTM001.o
 .debug_line    0x000059f5      0x41e Dave/Generated/src/RESET001/RESET001.o
 .debug_line    0x00005e13      0x8b2 Dave/Generated/src/LIBS/CCU8PWMLIB.o
 .debug_line    0x000066c5      0x8ae Dave/Generated/src/LIBS/MOTORLIB.o
 .debug_line    0x00006f73      0x915 Dave/Generated/src/IO004/IO004.o
 .debug_line    0x00007888      0x879 Dave/Generated/src/IO004/IO004_Conf.o
 .debug_line    0x00008101      0x9b3 Dave/Generated/src/I2C001/I2C001.o
 .debug_line    0x00008ab4      0x87b Dave/Generated/src/I2C001/I2C001_Conf.o
 .debug_line    0x0000932f      0x864 Dave/Generated/src/DAVESupport/DAVE3.o
 .debug_line    0x00009b93      0x860 Dave/Generated/src/DAVESupport/MULTIPLEXER.o
 .debug_line    0x0000a3f3      0x4af Dave/Generated/src/CLK001/CLK001.o

.debug_frame    0x00000000     0x18e0
 *(.debug_frame)
 .debug_frame   0x00000000      0x3b0 Bluetooth.o
 .debug_frame   0x000003b0      0x808 LSM9DS1_drivers.o
 .debug_frame   0x00000bb8       0x70 Main.o
 .debug_frame   0x00000c28       0x50 timerFunctions.o
 .debug_frame   0x00000c78       0xac timerFunctionsLSM.o
 .debug_frame   0x00000d24       0x6c Startup/system_XMC4500.o
 .debug_frame   0x00000d90      0x1ec Lib/System_LibcStubs.o
 .debug_frame   0x00000f7c      0x190 Dave/Generated/src/UART001/UART001.o
 .debug_frame   0x0000110c      0x1d0 Dave/Generated/src/SYSTM001/SYSTM001.o
 .debug_frame   0x000012dc       0x9c Dave/Generated/src/RESET001/RESET001.o
 .debug_frame   0x00001378       0x64 Dave/Generated/src/IO004/IO004.o
 .debug_frame   0x000013dc      0x114 Dave/Generated/src/I2C001/I2C001.o
 .debug_frame   0x000014f0       0x64 Dave/Generated/src/DAVESupport/DAVE3.o
 .debug_frame   0x00001554       0x48 Dave/Generated/src/DAVESupport/MULTIPLEXER.o
 .debug_frame   0x0000159c      0x120 Dave/Generated/src/CLK001/CLK001.o
 .debug_frame   0x000016bc       0x38 c:/dave-3.1.10/arm-gcc/bin/../lib/gcc/arm-none-eabi/4.7.4/../../../../arm-none-eabi/lib/armv7e-m\libm.a(lib_a-s_ceil.o)
 .debug_frame   0x000016f4       0x30 c:/dave-3.1.10/arm-gcc/bin/../lib/gcc/arm-none-eabi/4.7.4/../../../../arm-none-eabi/lib/armv7e-m\libm.a(lib_a-s_round.o)
 .debug_frame   0x00001724       0x30 c:/dave-3.1.10/arm-gcc/bin/../lib/gcc/arm-none-eabi/4.7.4/../../../../arm-none-eabi/lib/armv7e-m\libg.a(lib_a-init.o)
 .debug_frame   0x00001754       0x30 c:/dave-3.1.10/arm-gcc/bin/../lib/gcc/arm-none-eabi/4.7.4/../../../../arm-none-eabi/lib/armv7e-m\libg.a(lib_a-memcpy.o)
 .debug_frame   0x00001784       0x30 c:/dave-3.1.10/arm-gcc/bin/../lib/gcc/arm-none-eabi/4.7.4/../../../../arm-none-eabi/lib/armv7e-m\libg.a(lib_a-strcmp.o)
 .debug_frame   0x000017b4       0x20 c:/dave-3.1.10/arm-gcc/bin/../lib/gcc/arm-none-eabi/4.7.4/../../../../arm-none-eabi/lib/armv7e-m\libg.a(lib_a-strlen.o)
 .debug_frame   0x000017d4       0x88 c:/dave-3.1.10/arm-gcc/bin/../lib/gcc/arm-none-eabi/4.7.4/../../../../arm-none-eabi/lib/armv7e-m\libg.a(lib_a-strstr.o)
 .debug_frame   0x0000185c       0x2c c:/dave-3.1.10/arm-gcc/bin/../lib/gcc/arm-none-eabi/4.7.4/../../../../arm-none-eabi/lib/armv7e-m\libg.a(lib_a-memchr.o)
 .debug_frame   0x00001888       0x2c c:/dave-3.1.10/arm-gcc/bin/../lib/gcc/arm-none-eabi/4.7.4/../../../../arm-none-eabi/lib/armv7e-m\libg.a(lib_a-memcmp.o)
 .debug_frame   0x000018b4       0x2c c:/dave-3.1.10/arm-gcc/bin/../lib/gcc/arm-none-eabi/4.7.4/../../../../arm-none-eabi/lib/armv7e-m\libg.a(lib_a-strchr.o)

.debug_str      0x00000000    0x9b9e3
 *(.debug_str)
 .debug_str     0x00000000    0x95e99 Bluetooth.o
                              0x963c5 (size before relaxing)
 .debug_str     0x00095e99     0x22be LSM9DS1_drivers.o
                              0x97be9 (size before relaxing)
 .debug_str     0x00098157       0x5c Main.o
                              0x95921 (size before relaxing)
 .debug_str     0x000981b3       0x71 timerFunctions.o
                              0x92ff4 (size before relaxing)
 .debug_str     0x00098224      0x1b3 timerFunctionsLSM.o
                              0x95c05 (size before relaxing)
 .debug_str     0x000983d7      0x62d Startup/system_XMC4500.o
                              0x9046d (size before relaxing)
 .debug_str     0x00098a04     0x14df Lib/System_LibcStubs.o
                               0x588d (size before relaxing)
 .debug_str     0x00099ee3      0x515 Dave/Generated/src/UART001/UART001.o
                              0x9156b (size before relaxing)
 .debug_str     0x0009a3f8       0x2d Dave/Generated/src/UART001/UART001_Conf.o
                              0x90db7 (size before relaxing)
 .debug_str     0x0009a425      0xbb5 Dave/Generated/src/SYSTM001/SYSTM001.o
                              0x93cfc (size before relaxing)
 .debug_str     0x0009afda      0x225 Dave/Generated/src/RESET001/RESET001.o
                              0x907cc (size before relaxing)
 .debug_str     0x0009b1ff       0x28 Dave/Generated/src/LIBS/CCU8PWMLIB.o
                              0x92f3e (size before relaxing)
 .debug_str     0x0009b227       0x26 Dave/Generated/src/LIBS/MOTORLIB.o
                              0x92f3c (size before relaxing)
 .debug_str     0x0009b24d      0x156 Dave/Generated/src/IO004/IO004.o
                              0x9316d (size before relaxing)
 .debug_str     0x0009b3a3       0x29 Dave/Generated/src/IO004/IO004_Conf.o
                              0x93034 (size before relaxing)
 .debug_str     0x0009b3cc      0x36d Dave/Generated/src/I2C001/I2C001.o
                              0x936d7 (size before relaxing)
 .debug_str     0x0009b739       0x2b Dave/Generated/src/I2C001/I2C001_Conf.o
                              0x931b0 (size before relaxing)
 .debug_str     0x0009b764       0x68 Dave/Generated/src/DAVESupport/DAVE3.o
                              0x9300c (size before relaxing)
 .debug_str     0x0009b7cc       0x71 Dave/Generated/src/DAVESupport/MULTIPLEXER.o
                              0x93111 (size before relaxing)
 .debug_str     0x0009b83d      0x1a6 Dave/Generated/src/CLK001/CLK001.o
                              0x90a55 (size before relaxing)

.debug_loc      0x00000000     0x26dc
 *(.debug_loc)
 .debug_loc     0x00000000      0x616 Bluetooth.o
 .debug_loc     0x00000616      0xde6 LSM9DS1_drivers.o
 .debug_loc     0x000013fc       0xaa Main.o
 .debug_loc     0x000014a6       0x70 timerFunctions.o
 .debug_loc     0x00001516      0x118 timerFunctionsLSM.o
 .debug_loc     0x0000162e       0xa8 Startup/system_XMC4500.o
 .debug_loc     0x000016d6      0x388 Lib/System_LibcStubs.o
 .debug_loc     0x00001a5e      0x2e6 Dave/Generated/src/UART001/UART001.o
 .debug_loc     0x00001d44      0x330 Dave/Generated/src/SYSTM001/SYSTM001.o
 .debug_loc     0x00002074      0x118 Dave/Generated/src/RESET001/RESET001.o
 .debug_loc     0x0000218c       0x9c Dave/Generated/src/IO004/IO004.o
 .debug_loc     0x00002228      0x1e0 Dave/Generated/src/I2C001/I2C001.o
 .debug_loc     0x00002408       0x90 Dave/Generated/src/DAVESupport/DAVE3.o
 .debug_loc     0x00002498       0x64 Dave/Generated/src/DAVESupport/MULTIPLEXER.o
 .debug_loc     0x000024fc      0x1e0 Dave/Generated/src/CLK001/CLK001.o

.debug_macinfo
 *(.debug_macinfo)

.debug_ranges   0x00000000      0x670
 *(.debug_ranges)
 .debug_ranges  0x00000000      0x100 Bluetooth.o
 .debug_ranges  0x00000100      0x210 LSM9DS1_drivers.o
 .debug_ranges  0x00000310       0x20 Main.o
 .debug_ranges  0x00000330       0x18 timerFunctions.o
 .debug_ranges  0x00000348       0x30 timerFunctionsLSM.o
 .debug_ranges  0x00000378       0x30 Startup/startup_XMC4500.o
 .debug_ranges  0x000003a8       0x20 Startup/system_XMC4500.o
 .debug_ranges  0x000003c8       0x90 Lib/System_LibcStubs.o
 .debug_ranges  0x00000458       0x70 Dave/Generated/src/UART001/UART001.o
 .debug_ranges  0x000004c8       0x80 Dave/Generated/src/SYSTM001/SYSTM001.o
 .debug_ranges  0x00000548       0x30 Dave/Generated/src/RESET001/RESET001.o
 .debug_ranges  0x00000578       0x20 Dave/Generated/src/IO004/IO004.o
 .debug_ranges  0x00000598       0x50 Dave/Generated/src/I2C001/I2C001.o
 .debug_ranges  0x000005e8       0x20 Dave/Generated/src/DAVESupport/DAVE3.o
 .debug_ranges  0x00000608       0x18 Dave/Generated/src/DAVESupport/MULTIPLEXER.o
 .debug_ranges  0x00000620       0x50 Dave/Generated/src/CLK001/CLK001.o

.debug_weaknames
 *(.debug_weaknames)

.debug_funcnames
 *(.debug_funcnames)

.debug_typenames
 *(.debug_typenames)

.debug_varnames
 *(.debug_varnames)

.build_attributes
                0x00000000      0x6fd
 *(.ARM.attributes)
 .ARM.attributes
                0x00000000       0x39 Bluetooth.o
 .ARM.attributes
                0x00000039       0x39 LSM9DS1_drivers.o
 .ARM.attributes
                0x00000072       0x39 Main.o
 .ARM.attributes
                0x000000ab       0x39 timerFunctions.o
 .ARM.attributes
                0x000000e4       0x39 timerFunctionsLSM.o
 .ARM.attributes
                0x0000011d       0x27 Startup/startup_XMC4500.o
 .ARM.attributes
                0x00000144       0x39 Startup/system_XMC4500.o
 .ARM.attributes
                0x0000017d       0x39 Lib/System_LibcStubs.o
 .ARM.attributes
                0x000001b6       0x39 Dave/Generated/src/UART001/UART001.o
 .ARM.attributes
                0x000001ef       0x39 Dave/Generated/src/UART001/UART001_Conf.o
 .ARM.attributes
                0x00000228       0x39 Dave/Generated/src/SYSTM001/SYSTM001.o
 .ARM.attributes
                0x00000261       0x39 Dave/Generated/src/RESET001/RESET001.o
 .ARM.attributes
                0x0000029a       0x39 Dave/Generated/src/LIBS/CCU8PWMLIB.o
 .ARM.attributes
                0x000002d3       0x39 Dave/Generated/src/LIBS/MOTORLIB.o
 .ARM.attributes
                0x0000030c       0x39 Dave/Generated/src/IO004/IO004.o
 .ARM.attributes
                0x00000345       0x39 Dave/Generated/src/IO004/IO004_Conf.o
 .ARM.attributes
                0x0000037e       0x39 Dave/Generated/src/I2C001/I2C001.o
 .ARM.attributes
                0x000003b7       0x39 Dave/Generated/src/I2C001/I2C001_Conf.o
 .ARM.attributes
                0x000003f0       0x39 Dave/Generated/src/DAVESupport/DAVE3.o
 .ARM.attributes
                0x00000429       0x39 Dave/Generated/src/DAVESupport/MULTIPLEXER.o
 .ARM.attributes
                0x00000462       0x39 Dave/Generated/src/CLK001/CLK001.o
 .ARM.attributes
                0x0000049b       0x2e c:/dave-3.1.10/arm-gcc/bin/../lib/gcc/arm-none-eabi/4.7.4/../../../../arm-none-eabi/lib/armv7e-m\libm.a(lib_a-s_ceil.o)
 .ARM.attributes
                0x000004c9       0x2e c:/dave-3.1.10/arm-gcc/bin/../lib/gcc/arm-none-eabi/4.7.4/../../../../arm-none-eabi/lib/armv7e-m\libm.a(lib_a-s_round.o)
 .ARM.attributes
                0x000004f7       0x1e c:/dave-3.1.10/arm-gcc/bin/../lib/gcc/arm-none-eabi/4.7.4/armv7e-m\libgcc.a(_arm_addsubdf3.o)
 .ARM.attributes
                0x00000515       0x1e c:/dave-3.1.10/arm-gcc/bin/../lib/gcc/arm-none-eabi/4.7.4/armv7e-m\libgcc.a(_arm_muldivdf3.o)
 .ARM.attributes
                0x00000533       0x1e c:/dave-3.1.10/arm-gcc/bin/../lib/gcc/arm-none-eabi/4.7.4/armv7e-m\libgcc.a(_arm_cmpdf2.o)
 .ARM.attributes
                0x00000551       0x1e c:/dave-3.1.10/arm-gcc/bin/../lib/gcc/arm-none-eabi/4.7.4/armv7e-m\libgcc.a(_arm_fixdfsi.o)
 .ARM.attributes
                0x0000056f       0x1e c:/dave-3.1.10/arm-gcc/bin/../lib/gcc/arm-none-eabi/4.7.4/armv7e-m\libgcc.a(_arm_truncdfsf2.o)
 .ARM.attributes
                0x0000058d       0x2e c:/dave-3.1.10/arm-gcc/bin/../lib/gcc/arm-none-eabi/4.7.4/../../../../arm-none-eabi/lib/armv7e-m\libg.a(lib_a-init.o)
 .ARM.attributes
                0x000005bb       0x2e c:/dave-3.1.10/arm-gcc/bin/../lib/gcc/arm-none-eabi/4.7.4/../../../../arm-none-eabi/lib/armv7e-m\libg.a(lib_a-memcpy.o)
 .ARM.attributes
                0x000005e9       0x2e c:/dave-3.1.10/arm-gcc/bin/../lib/gcc/arm-none-eabi/4.7.4/../../../../arm-none-eabi/lib/armv7e-m\libg.a(lib_a-strcmp.o)
 .ARM.attributes
                0x00000617       0x2e c:/dave-3.1.10/arm-gcc/bin/../lib/gcc/arm-none-eabi/4.7.4/../../../../arm-none-eabi/lib/armv7e-m\libg.a(lib_a-strlen.o)
 .ARM.attributes
                0x00000645       0x2e c:/dave-3.1.10/arm-gcc/bin/../lib/gcc/arm-none-eabi/4.7.4/../../../../arm-none-eabi/lib/armv7e-m\libg.a(lib_a-strstr.o)
 .ARM.attributes
                0x00000673       0x2e c:/dave-3.1.10/arm-gcc/bin/../lib/gcc/arm-none-eabi/4.7.4/../../../../arm-none-eabi/lib/armv7e-m\libg.a(lib_a-memchr.o)
 .ARM.attributes
                0x000006a1       0x2e c:/dave-3.1.10/arm-gcc/bin/../lib/gcc/arm-none-eabi/4.7.4/../../../../arm-none-eabi/lib/armv7e-m\libg.a(lib_a-memcmp.o)
 .ARM.attributes
                0x000006cf       0x2e c:/dave-3.1.10/arm-gcc/bin/../lib/gcc/arm-none-eabi/4.7.4/../../../../arm-none-eabi/lib/armv7e-m\libg.a(lib_a-strchr.o)
OUTPUT(Bachelor.elf elf32-littlearm)

.debug_macro    0x00000000    0x1b1ba
 .debug_macro   0x00000000      0x2bb Bluetooth.o
 .debug_macro   0x000002bb      0x814 Bluetooth.o
 .debug_macro   0x00000acf       0x2d Bluetooth.o
 .debug_macro   0x00000afc       0x3b Bluetooth.o
 .debug_macro   0x00000b37       0x3a Bluetooth.o
 .debug_macro   0x00000b71       0x10 Bluetooth.o
 .debug_macro   0x00000b81       0x2e Bluetooth.o
 .debug_macro   0x00000baf       0xa3 Bluetooth.o
 .debug_macro   0x00000c52      0x20e Bluetooth.o
 .debug_macro   0x00000e60       0x2d Bluetooth.o
 .debug_macro   0x00000e8d       0x42 Bluetooth.o
 .debug_macro   0x00000ecf      0xd39 Bluetooth.o
 .debug_macro   0x00001c08       0x70 Bluetooth.o
 .debug_macro   0x00001c78    0x150f5 Bluetooth.o
 .debug_macro   0x00016d6d      0x16c Bluetooth.o
 .debug_macro   0x00016ed9       0x22 Bluetooth.o
 .debug_macro   0x00016efb      0x54a Bluetooth.o
 .debug_macro   0x00017445       0x64 Bluetooth.o
 .debug_macro   0x000174a9       0x46 Bluetooth.o
 .debug_macro   0x000174ef      0x160 Bluetooth.o
 .debug_macro   0x0001764f      0x130 Bluetooth.o
 .debug_macro   0x0001777f       0x7f Bluetooth.o
 .debug_macro   0x000177fe       0xb4 Bluetooth.o
 .debug_macro   0x000178b2       0xb6 Bluetooth.o
 .debug_macro   0x00017968       0x2e Bluetooth.o
 .debug_macro   0x00017996       0x2d Bluetooth.o
 .debug_macro   0x000179c3       0x28 Bluetooth.o
 .debug_macro   0x000179eb       0x49 Bluetooth.o
 .debug_macro   0x00017a34       0x16 Bluetooth.o
 .debug_macro   0x00017a4a       0x3a Bluetooth.o
 .debug_macro   0x00017a84       0x52 Bluetooth.o
 .debug_macro   0x00017ad6       0x43 Bluetooth.o
 .debug_macro   0x00017b19      0x16d Bluetooth.o
 .debug_macro   0x00017c86       0x35 Bluetooth.o
 .debug_macro   0x00017cbb       0x1c Bluetooth.o
 .debug_macro   0x00017cd7       0x10 Bluetooth.o
 .debug_macro   0x00017ce7       0x16 Bluetooth.o
 .debug_macro   0x00017cfd      0x1cc Bluetooth.o
 .debug_macro   0x00017ec9       0x16 Bluetooth.o
 .debug_macro   0x00017edf       0x10 Bluetooth.o
 .debug_macro   0x00017eef       0x10 Bluetooth.o
 .debug_macro   0x00017eff       0x22 Bluetooth.o
 .debug_macro   0x00017f21       0x91 Bluetooth.o
 .debug_macro   0x00017fb2       0x16 Bluetooth.o
 .debug_macro   0x00017fc8      0x16d Bluetooth.o
 .debug_macro   0x00018135      0x2eb LSM9DS1_drivers.o
 .debug_macro   0x00018420       0x10 LSM9DS1_drivers.o
 .debug_macro   0x00018430       0x10 LSM9DS1_drivers.o
 .debug_macro   0x00018440      0x447 LSM9DS1_drivers.o
 .debug_macro   0x00018887      0x1da LSM9DS1_drivers.o
 .debug_macro   0x00018a61       0x10 LSM9DS1_drivers.o
 .debug_macro   0x00018a71       0x16 LSM9DS1_drivers.o
 .debug_macro   0x00018a87       0x23 LSM9DS1_drivers.o
 .debug_macro   0x00018aaa      0x2a9 Main.o
 .debug_macro   0x00018d53      0x1be timerFunctions.o
 .debug_macro   0x00018f11      0x27b timerFunctionsLSM.o
 .debug_macro   0x0001918c      0x17e Startup/system_XMC4500.o
 .debug_macro   0x0001930a       0x6a Startup/system_XMC4500.o
 .debug_macro   0x00019374      0x119 Lib/System_LibcStubs.o
 .debug_macro   0x0001948d       0x19 Lib/System_LibcStubs.o
 .debug_macro   0x000194a6       0x10 Lib/System_LibcStubs.o
 .debug_macro   0x000194b6       0x16 Lib/System_LibcStubs.o
 .debug_macro   0x000194cc       0x89 Lib/System_LibcStubs.o
 .debug_macro   0x00019555       0xf5 Lib/System_LibcStubs.o
 .debug_macro   0x0001964a       0x34 Lib/System_LibcStubs.o
 .debug_macro   0x0001967e      0x120 Lib/System_LibcStubs.o
 .debug_macro   0x0001979e       0x16 Lib/System_LibcStubs.o
 .debug_macro   0x000197b4      0x495 Lib/System_LibcStubs.o
 .debug_macro   0x00019c49      0x170 Dave/Generated/src/UART001/UART001.o
 .debug_macro   0x00019db9       0xb0 Dave/Generated/src/UART001/UART001.o
 .debug_macro   0x00019e69      0x100 Dave/Generated/src/UART001/UART001_Conf.o
 .debug_macro   0x00019f69      0x270 Dave/Generated/src/SYSTM001/SYSTM001.o
 .debug_macro   0x0001a1d9       0xff Dave/Generated/src/RESET001/RESET001.o
 .debug_macro   0x0001a2d8      0x1b8 Dave/Generated/src/LIBS/CCU8PWMLIB.o
 .debug_macro   0x0001a490      0x1b8 Dave/Generated/src/LIBS/MOTORLIB.o
 .debug_macro   0x0001a648      0x1b4 Dave/Generated/src/IO004/IO004.o
 .debug_macro   0x0001a7fc      0x1b4 Dave/Generated/src/IO004/IO004_Conf.o
 .debug_macro   0x0001a9b0      0x200 Dave/Generated/src/I2C001/I2C001.o
 .debug_macro   0x0001abb0      0x1b4 Dave/Generated/src/I2C001/I2C001_Conf.o
 .debug_macro   0x0001ad64      0x1b4 Dave/Generated/src/DAVESupport/DAVE3.o
 .debug_macro   0x0001af18      0x1b4 Dave/Generated/src/DAVESupport/MULTIPLEXER.o
 .debug_macro   0x0001b0cc       0xee Dave/Generated/src/CLK001/CLK001.o
