Archive member included because of file (symbol)

c:/dave-3.1.10/arm-gcc/bin/../lib/gcc/arm-none-eabi/4.7.4/../../../../arm-none-eabi/lib/armv7e-m\libm.a(lib_a-s_ceil.o)
                              LSM9DS1_drivers.o (ceil)
c:/dave-3.1.10/arm-gcc/bin/../lib/gcc/arm-none-eabi/4.7.4/../../../../arm-none-eabi/lib/armv7e-m\libm.a(lib_a-s_round.o)
                              LSM9DS1_drivers.o (round)
c:/dave-3.1.10/arm-gcc/bin/../lib/gcc/arm-none-eabi/4.7.4/armv7e-m\libgcc.a(_arm_addsubdf3.o)
                              c:/dave-3.1.10/arm-gcc/bin/../lib/gcc/arm-none-eabi/4.7.4/../../../../arm-none-eabi/lib/armv7e-m\libm.a(lib_a-s_ceil.o) (__aeabi_dadd)
c:/dave-3.1.10/arm-gcc/bin/../lib/gcc/arm-none-eabi/4.7.4/armv7e-m\libgcc.a(_arm_muldivdf3.o)
                              LSM9DS1_drivers.o (__aeabi_ddiv)
c:/dave-3.1.10/arm-gcc/bin/../lib/gcc/arm-none-eabi/4.7.4/armv7e-m\libgcc.a(_arm_cmpdf2.o)
                              c:/dave-3.1.10/arm-gcc/bin/../lib/gcc/arm-none-eabi/4.7.4/../../../../arm-none-eabi/lib/armv7e-m\libm.a(lib_a-s_ceil.o) (__aeabi_dcmpgt)
c:/dave-3.1.10/arm-gcc/bin/../lib/gcc/arm-none-eabi/4.7.4/armv7e-m\libgcc.a(_arm_fixdfsi.o)
                              LSM9DS1_drivers.o (__aeabi_d2iz)
c:/dave-3.1.10/arm-gcc/bin/../lib/gcc/arm-none-eabi/4.7.4/armv7e-m\libgcc.a(_arm_truncdfsf2.o)
                              LSM9DS1_drivers.o (__aeabi_d2f)
c:/dave-3.1.10/arm-gcc/bin/../lib/gcc/arm-none-eabi/4.7.4/../../../../arm-none-eabi/lib/armv7e-m\libg.a(lib_a-init.o)
                              Startup/startup_XMC4500.o (__libc_init_array)
c:/dave-3.1.10/arm-gcc/bin/../lib/gcc/arm-none-eabi/4.7.4/../../../../arm-none-eabi/lib/armv7e-m\libg.a(lib_a-memcpy.o)
                              Bluetooth.o (memcpy)
c:/dave-3.1.10/arm-gcc/bin/../lib/gcc/arm-none-eabi/4.7.4/../../../../arm-none-eabi/lib/armv7e-m\libg.a(lib_a-strcmp.o)
                              Bluetooth.o (strcmp)
c:/dave-3.1.10/arm-gcc/bin/../lib/gcc/arm-none-eabi/4.7.4/../../../../arm-none-eabi/lib/armv7e-m\libg.a(lib_a-strlen.o)
                              Bluetooth.o (strlen)
c:/dave-3.1.10/arm-gcc/bin/../lib/gcc/arm-none-eabi/4.7.4/../../../../arm-none-eabi/lib/armv7e-m\libg.a(lib_a-strstr.o)
                              Bluetooth.o (strstr)
c:/dave-3.1.10/arm-gcc/bin/../lib/gcc/arm-none-eabi/4.7.4/../../../../arm-none-eabi/lib/armv7e-m\libg.a(lib_a-memchr.o)
                              c:/dave-3.1.10/arm-gcc/bin/../lib/gcc/arm-none-eabi/4.7.4/../../../../arm-none-eabi/lib/armv7e-m\libg.a(lib_a-strstr.o) (memchr)
c:/dave-3.1.10/arm-gcc/bin/../lib/gcc/arm-none-eabi/4.7.4/../../../../arm-none-eabi/lib/armv7e-m\libg.a(lib_a-memcmp.o)
                              c:/dave-3.1.10/arm-gcc/bin/../lib/gcc/arm-none-eabi/4.7.4/../../../../arm-none-eabi/lib/armv7e-m\libg.a(lib_a-strstr.o) (memcmp)
c:/dave-3.1.10/arm-gcc/bin/../lib/gcc/arm-none-eabi/4.7.4/../../../../arm-none-eabi/lib/armv7e-m\libg.a(lib_a-strchr.o)
                              c:/dave-3.1.10/arm-gcc/bin/../lib/gcc/arm-none-eabi/4.7.4/../../../../arm-none-eabi/lib/armv7e-m\libg.a(lib_a-strstr.o) (strchr)

Allocating common symbols
Common symbol       size              file

aBias               0xc               Bluetooth.o
mBiasRaw            0x6               Bluetooth.o
StatusReadBytes     0x4               Bluetooth.o
receiveStatus       0x4               Bluetooth.o
emergencySentStatus
                    0x4               Bluetooth.o
statusSent          0x4               Bluetooth.o
TimerTbl            0x400             Dave/Generated/src/SYSTM001/SYSTM001.o
settings            0x28              Bluetooth.o
statusRxFifoFilling
                    0x4               Bluetooth.o
_autoCalc           0x1               Bluetooth.o
sendStatus          0x1               Bluetooth.o
transmitID          0x4               Bluetooth.o
lastStageOfInitializationBt
                    0x4               Bluetooth.o
Status              0x4               Bluetooth.o
l                   0x4               Bluetooth.o
k                   0x4               Bluetooth.o
gy                  0x2               Bluetooth.o
az                  0x2               Bluetooth.o
dataToSend          0x64              Bluetooth.o
commandsInitBt      0x320             Bluetooth.o
temperature         0x2               Bluetooth.o
WriteTimerId        0x4               Bluetooth.o
my                  0x2               Bluetooth.o
emergencyReadID     0x4               Bluetooth.o
lengthReceive       0x4               Bluetooth.o
TimerIdReceive      0x4               Bluetooth.o
copiedData          0x46              Bluetooth.o
dataToReceive       0x64              Bluetooth.o
initStatus          0x1               Bluetooth.o
StatusReceive       0x4               Bluetooth.o
z                   0x4               Bluetooth.o
ax                  0x2               Bluetooth.o
aRes                0x4               Bluetooth.o
_mAddress           0x1               Bluetooth.o
TimerIDSetConnection
[...]
Memory Configuration

Name             Origin             Length             Attributes
FLASH_1_cached   0x08000000         0x00100000         xr
FLASH_1_uncached 0x0c000000         0x00100000         xr
PSRAM_1          0x10000000         0x00010000         !xr
DSRAM_1_system   0x20000000         0x00010000         !xr
DSRAM_2_comm     0x30000000         0x00008000         !xr
*default*        0x00000000         0xffffffff

Linker script and memory map

LOAD Bluetooth.o
LOAD LSM9DS1_drivers.o
LOAD Main.o
LOAD timerFunctions.o
LOAD timerFunctionsLSM.o
LOAD Startup/startup_XMC4500.o
LOAD Startup/system_XMC4500.o
LOAD Lib/System_LibcStubs.o
LOAD Dave/Generated/src/UART001/UART001.o
LOAD Dave/Generated/src/UART001/UART001_Conf.o
LOAD Dave/Generated/src/SYSTM001/SYSTM001.o
LOAD Dave/Generated/src/RESET001/RESET001.o
LOAD Dave/Generated/src/LIBS/CCU8PWMLIB.o
LOAD Dave/Generated/src/LIBS/MOTORLIB.o
LOAD Dave/Generated/src/IO004/IO004.o
LOAD Dave/Generated/src/IO004/IO004_Conf.o
LOAD Dave/Generated/src/I2C001/I2C001.o
LOAD Dave/Generated/src/I2C001/I2C001_Conf.o
LOAD Dave/Generated/src/DAVESupport/DAVE3.o
LOAD Dave/Generated/src/DAVESupport/MULTIPLEXER.o
LOAD Dave/Generated/src/CLK001/CLK001.o
LOAD c:/dave-3.1.10/arm-gcc/bin/../lib/gcc/arm-none-eabi/4.7.4/../../../../arm-none-eabi/lib/armv7e-m\libm.a
START GROUP
LOAD c:/dave-3.1.10/arm-gcc/bin/../lib/gcc/arm-none-eabi/4.7.4/armv7e-m\libgcc.a
LOAD c:/dave-3.1.10/arm-gcc/bin/../lib/gcc/arm-none-eabi/4.7.4/../../../../arm-none-eabi/lib/armv7e-m\libg.a
LOAD c:/dave-3.1.10/arm-gcc/bin/../lib/gcc/arm-none-eabi/4.7.4/../../../../arm-none-eabi/lib/armv7e-m\libc.a
END GROUP
                0x00000800                stack_size = 0x800

.text           0x08000000     0x88c0 load address 0x0c000000
                0x08000000                sText = .
 *(.Xmc4500.reset)
 .Xmc4500.reset
                0x08000000      0x21c Startup/startup_XMC4500.o
                0x08000000                __Xmc4500_interrupt_vector_cortex_m
                0x08000200                __Xmc4500_reset_cortex_m
 *(.Xmc4500.postreset)
 .Xmc4500.postreset
                0x0800021c       0xa8 Startup/startup_XMC4500.o
 *(.XmcStartup)
 .XmcStartup    0x080002c4        0x4 Startup/startup_XMC4500.o
 *(.text .text.* .gnu.linkonce.t.*)
 .text          0x080002c8        0x0 Bluetooth.o
 .text.initVariables
                0x080002c8      0x118 Bluetooth.o
                0x080002c8                initVariables
 .text.timerHandler
                0x080003e0       0xcc Bluetooth.o
                0x080003e0                timerHandler
 .text.sendBluetooth
                0x080004ac       0x14 Bluetooth.o
                0x080004ac                sendBluetooth
 .text.checkFunction
                0x080004c0       0x44 Bluetooth.o
                0x080004c0                checkFunction
 .text.emptyReadData
                0x08000504       0x3c Bluetooth.o
                0x08000504                emptyReadData
 .text.askAboutSending
                0x08000540       0x28 Bluetooth.o
                0x08000540                askAboutSending
 .text.stopAskingAboutSending
                0x08000568       0x28 Bluetooth.o
                0x08000568                stopAskingAboutSending
 .text.statusRtsFlowControl
                0x08000590       0x2c Bluetooth.o
                0x08000590                statusRtsFlowControl
 .text.checkStatusCts
                0x080005bc       0x2c Bluetooth.o
                0x080005bc                checkStatusCts
 .text.copyCheckAnswers
                0x080005e8       0xc4 Bluetooth.o
                0x080005e8                copyCheckAnswers
 .text.copyCommands
                0x080006ac       0xec Bluetooth.o
                0x080006ac                copyCommands
 .text.initCommandsAndAnswers
                0x08000798       0x10 Bluetooth.o
                0x08000798                initCommandsAndAnswers
 .text.initFlowControl
                0x080007a8        0xc Bluetooth.o
                0x080007a8                initFlowControl
 .text.timerReceiveHandler
                0x080007b4       0x7c Bluetooth.o
                0x080007b4                timerReceiveHandler
 .text.connectStatus
                0x08000830       0x2c Bluetooth.o
                0x08000830                connectStatus
 .text.timerHandlerConnectionSet
                0x0800085c       0xcc Bluetooth.o
                0x0800085c                timerHandlerConnectionSet
 .text.timerReceiveHandler1
                0x08000928       0x7c Bluetooth.o
                0x08000928                timerReceiveHandler1
 .text.receive  0x080009a4       0x44 Bluetooth.o
                0x080009a4                receive
 .text.transmit
                0x080009e8       0xb4 Bluetooth.o
                0x080009e8                transmit
 .text.read     0x08000a9c       0xdc Bluetooth.o
                0x08000a9c                read
 .text.send     0x08000b78       0xac Bluetooth.o
                0x08000b78                send
 .text.copyData
                0x08000c24       0x7c Bluetooth.o
                0x08000c24                copyData
 .text.blueToothHandle
                0x08000ca0       0x2c Bluetooth.o
                0x08000ca0                blueToothHandle
 .text.compareStrings
                0x08000ccc       0x30 Bluetooth.o
                0x08000ccc                compareStrings
 .text.turnOnLeftDiode
                0x08000cfc       0x28 Bluetooth.o
                0x08000cfc                turnOnLeftDiode
 .text.turnOffLeftDiode
                0x08000d24       0x28 Bluetooth.o
                0x08000d24                turnOffLeftDiode
 .text.turnOnRightDiode
                0x08000d4c       0x28 Bluetooth.o
                0x08000d4c                turnOnRightDiode
 .text.turnOffRightDiode
                0x08000d74       0x28 Bluetooth.o
                0x08000d74                turnOffRightDiode
 .text.checkStream
                0x08000d9c       0xd4 Bluetooth.o
                0x08000d9c                checkStream
 .text.emergencySentHandler
                0x08000e70       0x30 Bluetooth.o
                0x08000e70                emergencySentHandler
 .text.manageConnection
                0x08000ea0      0x1fc Bluetooth.o
                0x08000ea0                manageConnection
 .text          0x0800109c        0x0 LSM9DS1_drivers.o
 .text.init     0x0800109c      0x2bc LSM9DS1_drivers.o
                0x0800109c                init
 .text.begin    0x08001358       0xb8 LSM9DS1_drivers.o
                0x08001358                begin
 .text.constrainScales
                0x08001410       0xdc LSM9DS1_drivers.o
                0x08001410                constrainScales
 .text.calcgRes
                0x080014ec       0x34 LSM9DS1_drivers.o
                0x080014ec                calcgRes
 .text.calcaRes
                0x08001520       0x34 LSM9DS1_drivers.o
                0x08001520                calcaRes
 .text.calcmRes
                0x08001554       0xb4 LSM9DS1_drivers.o
                0x08001554                calcmRes
 .text.initI2C  0x08001608        0xc LSM9DS1_drivers.o
                0x08001608                initI2C
 .text.initSPI  0x08001614        0xc LSM9DS1_drivers.o
                0x08001614                initSPI
 .text.I2CreadByte
                0x08001620       0xf0 LSM9DS1_drivers.o
                0x08001620                I2CreadByte
 .text.mReadByte
                0x08001710       0x64 LSM9DS1_drivers.o
                0x08001710                mReadByte
 .text.SPIreadByte
                0x08001774       0x1c LSM9DS1_drivers.o
                0x08001774                SPIreadByte
 .text.xgReadByte
                0x08001790       0x64 LSM9DS1_drivers.o
                0x08001790                xgReadByte
 .text.xgReadBytes
                0x080017f4       0x68 LSM9DS1_drivers.o
                0x080017f4                xgReadBytes
 .text.I2CreadBytes
                0x0800185c      0x1a8 LSM9DS1_drivers.o
                0x0800185c                I2CreadBytes
 .text.SPIreadBytes
                0x08001a04       0x1c LSM9DS1_drivers.o
                0x08001a04                SPIreadBytes
 .text.initGyro
                0x08001a20      0x1a4 LSM9DS1_drivers.o
                0x08001a20                initGyro
 .text.xgWriteByte
                0x08001bc4       0x3c LSM9DS1_drivers.o
                0x08001bc4                xgWriteByte
 .text.I2CwriteByte
                0x08001c00       0xd8 LSM9DS1_drivers.o
                0x08001c00                I2CwriteByte
 .text.initAccel
                0x08001cd8      0x144 LSM9DS1_drivers.o
                0x08001cd8                initAccel
 .text.initMag  0x08001e1c      0x140 LSM9DS1_drivers.o
                0x08001e1c                initMag
 .text.mWriteByte
                0x08001f5c       0x40 LSM9DS1_drivers.o
                0x08001f5c                mWriteByte
 .text.enableFIFO
                0x08001f9c       0x44 LSM9DS1_drivers.o
                0x08001f9c                enableFIFO
 .text.setFIFO  0x08001fe0       0x40 LSM9DS1_drivers.o
                0x08001fe0                setFIFO
 .text.readGyro1
                0x08002020      0x1a0 LSM9DS1_drivers.o
                0x08002020                readGyro1
 .text.readAccel1
                0x080021c0      0x1dc LSM9DS1_drivers.o
                0x080021c0                readAccel1
 .text.toAscii  0x0800239c       0x98 LSM9DS1_drivers.o
                0x0800239c                toAscii
 .text.calibrate
                0x08002434      0x244 LSM9DS1_drivers.o
                0x08002434                calibrate
 .text.magAvailable
                0x08002678       0x38 LSM9DS1_drivers.o
                0x08002678                magAvailable
 .text.readMag1
                0x080026b0       0xe4 LSM9DS1_drivers.o
                0x080026b0                readMag1
 .text.calibrateMag
                0x08002794      0x1e4 LSM9DS1_drivers.o
                0x08002794                calibrateMag
 .text.calcMag  0x08002978       0x54 LSM9DS1_drivers.o
                0x08002978                calcMag
 .text.magOffset
                0x080029cc       0x64 LSM9DS1_drivers.o
                0x080029cc                magOffset
 .text.accelAvailable
                0x08002a30       0x24 LSM9DS1_drivers.o
                0x08002a30                accelAvailable
 .text.gyroAvailable
                0x08002a54       0x28 LSM9DS1_drivers.o
                0x08002a54                gyroAvailable
 .text.tempAvailable
                0x08002a7c       0x28 LSM9DS1_drivers.o
                0x08002a7c                tempAvailable
 .text.readAccel
                0x08002aa4       0x6c LSM9DS1_drivers.o
                0x08002aa4                readAccel
 .text.readMag  0x08002b10       0x44 LSM9DS1_drivers.o
                0x08002b10                readMag
 .text.readTemp
                0x08002b54       0x38 LSM9DS1_drivers.o
                0x08002b54                readTemp
 .text.readGyro
                0x08002b8c       0x6c LSM9DS1_drivers.o
                0x08002b8c                readGyro
 .text.calcGyro
                0x08002bf8       0x54 LSM9DS1_drivers.o
                0x08002bf8                calcGyro
 .text.calcAccel
                0x08002c4c       0x54 LSM9DS1_drivers.o
                0x08002c4c                calcAccel
 .text.setGyroScale
                0x08002ca0       0x88 LSM9DS1_drivers.o
                0x08002ca0                setGyroScale
 .text.setAccelScale
                0x08002d28       0x9c LSM9DS1_drivers.o
                0x08002d28                setAccelScale
 .text.setMagScale
                0x08002dc4       0xa4 LSM9DS1_drivers.o
                0x08002dc4                setMagScale
 .text.setGyroODR
                0x08002e68       0x60 LSM9DS1_drivers.o
                0x08002e68                setGyroODR
 .text.setAccelODR
                0x08002ec8       0x60 LSM9DS1_drivers.o
                0x08002ec8                setAccelODR
 .text.setMagODR
                0x08002f28       0x5c LSM9DS1_drivers.o
                0x08002f28                setMagODR
 .text.configInt
                0x08002f84       0x6c LSM9DS1_drivers.o
                0x08002f84                configInt
 .text.configInactivity
                0x08002ff0       0x50 LSM9DS1_drivers.o
                0x08002ff0                configInactivity
 .text.getInactivity
                0x08003040       0x28 LSM9DS1_drivers.o
                0x08003040                getInactivity
 .text.configAccelInt
                0x08003068       0x34 LSM9DS1_drivers.o
                0x08003068                configAccelInt
 .text.configAccelThs
                0x0800309c       0x4c LSM9DS1_drivers.o
                0x0800309c                configAccelThs
 .text.getAccelIntSrc
                0x080030e8       0x34 LSM9DS1_drivers.o
                0x080030e8                getAccelIntSrc
 .text.configGyroInt
                0x0800311c       0x48 LSM9DS1_drivers.o
                0x0800311c                configGyroInt
 .text.configGyroThs
                0x08003164       0x7c LSM9DS1_drivers.o
                0x08003164                configGyroThs
 .text.getGyroIntSrc
                0x080031e0       0x34 LSM9DS1_drivers.o
                0x080031e0                getGyroIntSrc
 .text.configMagInt
                0x08003214       0x58 LSM9DS1_drivers.o
                0x08003214                configMagInt
 .text.configMagThs
                0x0800326c       0x38 LSM9DS1_drivers.o
                0x0800326c                configMagThs
 .text.getMagIntSrc
                0x080032a4       0x34 LSM9DS1_drivers.o
                0x080032a4                getMagIntSrc
 .text.sleepGyro
                0x080032d8       0x44 LSM9DS1_drivers.o
                0x080032d8                sleepGyro
 .text.getFIFOSamples
                0x0800331c       0x18 LSM9DS1_drivers.o
                0x0800331c                getFIFOSamples
 .text.mReadBytes
                0x08003334       0x68 LSM9DS1_drivers.o
                0x08003334                mReadBytes
 .text.myDelay  0x0800339c       0x30 LSM9DS1_drivers.o
                0x0800339c                myDelay
 .text          0x080033cc        0x0 Main.o
 .text.main     0x080033cc       0x28 Main.o
                0x080033cc                main
 .text.initBluetooth
                0x080033f4       0x44 Main.o
                0x080033f4                initBluetooth
 .text.initLSM9DS1
                0x08003438       0x58 Main.o
                0x08003438                initLSM9DS1
 .text          0x08003490        0x0 timerFunctions.o
 .text.makeTimer
                0x08003490       0x48 timerFunctions.o
                0x08003490                makeTimer
 .text.removeTimer
                0x080034d8       0x44 timerFunctions.o
                0x080034d8                removeTimer
 .text          0x0800351c        0x0 timerFunctionsLSM.o
 .text.timerHandlerI2CreadByte
                0x0800351c      0x1fc timerFunctionsLSM.o
                0x0800351c                timerHandlerI2CreadByte
 .text.timerHandlerI2CreadBytes
                0x08003718      0x200 timerFunctionsLSM.o
                0x08003718                timerHandlerI2CreadBytes
 .text.timerHandlerI2CwriteByte
                0x08003918      0x160 timerFunctionsLSM.o
                0x08003918                timerHandlerI2CwriteByte
 .text          0x08003a78       0xe2 Startup/startup_XMC4500.o
                0x08003a78                NMI_Handler
                0x08003a7a                HardFault_Handler
                0x08003a7c                MemManage_Handler
                0x08003a7e                BusFault_Handler
                0x08003a80                UsageFault_Handler
                0x08003a82                SVC_Handler
                0x08003a84                DebugMon_Handler
                0x08003a86                PendSV_Handler
                0x08003a8a                SCU_0_IRQHandler
                0x08003a8c                ERU0_0_IRQHandler
                0x08003a8e                ERU0_1_IRQHandler
                0x08003a90                ERU0_2_IRQHandler
                0x08003a92                ERU0_3_IRQHandler
                0x08003a94                ERU1_0_IRQHandler
                0x08003a96                ERU1_1_IRQHandler
                0x08003a98                ERU1_2_IRQHandler
                0x08003a9a                ERU1_3_IRQHandler
                0x08003a9c                PMU0_0_IRQHandler
                0x08003a9e                VADC0_C0_0_IRQHandler
                0x08003aa0                VADC0_C0_1_IRQHandler
                0x08003aa2                VADC0_C0_2_IRQHandler
                0x08003aa4                VADC0_C0_3_IRQHandler
                0x08003aa6                VADC0_G0_0_IRQHandler
                0x08003aa8                VADC0_G0_1_IRQHandler
                0x08003aaa                VADC0_G0_2_IRQHandler
                0x08003aac                VADC0_G0_3_IRQHandler
                0x08003aae                VADC0_G1_0_IRQHandler
                0x08003ab0                VADC0_G1_1_IRQHandler
                0x08003ab2                VADC0_G1_2_IRQHandler
                0x08003ab4                VADC0_G1_3_IRQHandler
                0x08003ab6                VADC0_G2_0_IRQHandler
                0x08003ab8                VADC0_G2_1_IRQHandler
                0x08003aba                VADC0_G2_2_IRQHandler
                0x08003abc                VADC0_G2_3_IRQHandler
                0x08003abe                VADC0_G3_0_IRQHandler
                0x08003ac0                VADC0_G3_1_IRQHandler
                0x08003ac2                VADC0_G3_2_IRQHandler
                0x08003ac4                VADC0_G3_3_IRQHandler
                0x08003ac6                DSD0_0_IRQHandler
                0x08003ac8                DSD0_1_IRQHandler
                0x08003aca                DSD0_2_IRQHandler
                0x08003acc                DSD0_3_IRQHandler
                0x08003ace                DSD0_4_IRQHandler
                0x08003ad0                DSD0_5_IRQHandler
                0x08003ad2                DSD0_6_IRQHandler
                0x08003ad4                DSD0_7_IRQHandler
                0x08003ad6                DAC0_0_IRQHandler
                0x08003ad8                DAC0_1_IRQHandler
                0x08003ada                CCU40_0_IRQHandler
                0x08003adc                CCU40_1_IRQHandler
                0x08003ade                CCU40_2_IRQHandler
                0x08003ae0                CCU40_3_IRQHandler
                0x08003ae2                CCU41_0_IRQHandler
                0x08003ae4                CCU41_1_IRQHandler
                0x08003ae6                CCU41_2_IRQHandler
                0x08003ae8                CCU41_3_IRQHandler
                0x08003aea                CCU42_0_IRQHandler
                0x08003aec                CCU42_1_IRQHandler
                0x08003aee                CCU42_2_IRQHandler
                0x08003af0                CCU42_3_IRQHandler
                0x08003af2                CCU43_0_IRQHandler
                0x08003af4                CCU43_1_IRQHandler
                0x08003af6                CCU43_2_IRQHandler
                0x08003af8                CCU43_3_IRQHandler
                0x08003afa                CCU80_0_IRQHandler
                0x08003afc                CCU80_1_IRQHandler
                0x08003afe                CCU80_2_IRQHandler
                0x08003b00                CCU80_3_IRQHandler
                0x08003b02                CCU81_0_IRQHandler
                0x08003b04                CCU81_1_IRQHandler
                0x08003b06                CCU81_2_IRQHandler
                0x08003b08                CCU81_3_IRQHandler
                0x08003b0a                POSIF0_0_IRQHandler
                0x08003b0c                POSIF0_1_IRQHandler
                0x08003b0e                POSIF1_0_IRQHandler
                0x08003b10                POSIF1_1_IRQHandler
                0x08003b12                CAN0_0_IRQHandler
                0x08003b14                CAN0_1_IRQHandler
                0x08003b16                CAN0_2_IRQHandler
                0x08003b18                CAN0_3_IRQHandler
                0x08003b1a                CAN0_4_IRQHandler
                0x08003b1c                CAN0_5_IRQHandler
                0x08003b1e                CAN0_6_IRQHandler
                0x08003b20                CAN0_7_IRQHandler
                0x08003b22                USIC0_0_IRQHandler
                0x08003b24                USIC0_1_IRQHandler
                0x08003b26                USIC0_2_IRQHandler
                0x08003b28                USIC0_3_IRQHandler
                0x08003b2a                USIC0_4_IRQHandler
                0x08003b2c                USIC0_5_IRQHandler
                0x08003b2e                USIC1_0_IRQHandler
                0x08003b30                USIC1_1_IRQHandler
                0x08003b32                USIC1_2_IRQHandler
                0x08003b34                USIC1_3_IRQHandler
                0x08003b36                USIC1_4_IRQHandler
                0x08003b38                USIC1_5_IRQHandler
                0x08003b3a                USIC2_0_IRQHandler
                0x08003b3c                USIC2_1_IRQHandler
                0x08003b3e                USIC2_2_IRQHandler
                0x08003b40                USIC2_3_IRQHandler
                0x08003b42                USIC2_4_IRQHandler
                0x08003b44                USIC2_5_IRQHandler
                0x08003b46                LEDTS0_0_IRQHandler
                0x08003b48                FCE0_0_IRQHandler
                0x08003b4a                GPDMA0_0_IRQHandler
                0x08003b4c                SDMMC0_0_IRQHandler
                0x08003b4e                USB0_0_IRQHandler
                0x08003b50                ETH0_0_IRQHandler
                0x08003b52                GPDMA1_0_IRQHandler
 .text          0x08003b5a        0x0 Startup/system_XMC4500.o
 *fill*         0x08003b5a        0x2 00
 .text.SystemInit
                0x08003b5c       0x9c Startup/system_XMC4500.o
                0x08003b5c                SystemInit
 .text.SystemCoreClockUpdate
                0x08003bf8      0x148 Startup/system_XMC4500.o
                0x08003bf8                SystemCoreClockUpdate
 .text.SystemClockSetup
                0x08003d40      0x4cc Startup/system_XMC4500.o
 .text          0x0800420c        0x0 Lib/System_LibcStubs.o
 .text._open    0x0800420c       0x1c Lib/System_LibcStubs.o
                0x0800420c                _open
 .text._lseek   0x08004228       0x1c Lib/System_LibcStubs.o
                0x08004228                _lseek
 .text._read    0x08004244       0x1c Lib/System_LibcStubs.o
                0x08004244                _read
 .text._write   0x08004260       0x1c Lib/System_LibcStubs.o
                0x08004260                _write
 .text._close   0x0800427c       0x10 Lib/System_LibcStubs.o
                0x0800427c                _close
 .text._fstat   0x0800428c       0x28 Lib/System_LibcStubs.o
                0x0800428c                _fstat
 .text._link    0x080042b4       0x28 Lib/System_LibcStubs.o
                0x080042b4                _link
 .text._unlink  0x080042dc       0x18 Lib/System_LibcStubs.o
                0x080042dc                _unlink
 .text._sbrk    0x080042f4       0xa0 Lib/System_LibcStubs.o
                0x080042f4                _sbrk
 .text._times   0x08004394       0x18 Lib/System_LibcStubs.o
                0x08004394                _times
 .text._wait    0x080043ac       0x18 Lib/System_LibcStubs.o
                0x080043ac                _wait
 .text._kill    0x080043c4       0x1c Lib/System_LibcStubs.o
                0x080043c4                _kill
 .text._fork    0x080043e0       0x10 Lib/System_LibcStubs.o
                0x080043e0                _fork
 .text._getpid  0x080043f0       0x10 Lib/System_LibcStubs.o
                0x080043f0                _getpid
 .text._exit    0x08004400        0xc Lib/System_LibcStubs.o
                0x08004400                _exit
 .text._init    0x0800440c        0xc Lib/System_LibcStubs.o
                0x0800440c                _init
 .text._isatty  0x08004418       0x18 Lib/System_LibcStubs.o
                0x08004418                _isatty
 .text          0x08004430        0x0 Dave/Generated/src/UART001/UART001.o
 .text.UART001_lInit
                0x08004430      0x1a8 Dave/Generated/src/UART001/UART001.o
                0x08004430                UART001_lInit
 .text.UART001_lConfigTXPin
                0x080045d8       0xfc Dave/Generated/src/UART001/UART001.o
                0x080045d8                UART001_lConfigTXPin
 .text.UART001_labsRealType
                0x080046d4       0x38 Dave/Generated/src/UART001/UART001.o
                0x080046d4                UART001_labsRealType
 .text.UART001_lConfigureBaudRate
                0x0800470c      0x4e8 Dave/Generated/src/UART001/UART001.o
                0x0800470c                UART001_lConfigureBaudRate
 .text.UART001_Init
                0x08004bf4       0x6c Dave/Generated/src/UART001/UART001.o
                0x08004bf4                UART001_Init
 .text.UART001_DeInit
                0x08004c60       0x14 Dave/Generated/src/UART001/UART001.o
                0x08004c60                UART001_DeInit
 .text.UART001_Configure
                0x08004c74      0x114 Dave/Generated/src/UART001/UART001.o
                0x08004c74                UART001_Configure
 .text.UART001_ReadDataMultiple
                0x08004d88       0x80 Dave/Generated/src/UART001/UART001.o
                0x08004d88                UART001_ReadDataMultiple
 .text.UART001_ReadDataBytes
                0x08004e08       0x80 Dave/Generated/src/UART001/UART001.o
                0x08004e08                UART001_ReadDataBytes
 .text.UART001_WriteDataMultiple
                0x08004e88       0x90 Dave/Generated/src/UART001/UART001.o
                0x08004e88                UART001_WriteDataMultiple
 .text.UART001_WriteDataBytes
                0x08004f18       0x90 Dave/Generated/src/UART001/UART001.o
                0x08004f18                UART001_WriteDataBytes
 .text.UART001_GetFlagStatus
                0x08004fa8       0x98 Dave/Generated/src/UART001/UART001.o
                0x08004fa8                UART001_GetFlagStatus
 .text.UART001_ClearFlag
                0x08005040       0x78 Dave/Generated/src/UART001/UART001.o
                0x08005040                UART001_ClearFlag
 .text          0x080050b8        0x0 Dave/Generated/src/UART001/UART001_Conf.o
 .text          0x080050b8        0x0 Dave/Generated/src/SYSTM001/SYSTM001.o
 .text.NVIC_GetPriorityGrouping
                0x080050b8       0x20 Dave/Generated/src/SYSTM001/SYSTM001.o
 .text.NVIC_SetPriority
                0x080050d8       0x5c Dave/Generated/src/SYSTM001/SYSTM001.o
 .text.NVIC_EncodePriority
                0x08005134       0x78 Dave/Generated/src/SYSTM001/SYSTM001.o
 .text.SysTick_Config
                0x080051ac       0x64 Dave/Generated/src/SYSTM001/SYSTM001.o
 .text.SYSTM001_lInsertTimerList
                0x08005210      0x214 Dave/Generated/src/SYSTM001/SYSTM001.o
 .text.SYSTM001_lRemoveTimerList
                0x08005424       0xd8 Dave/Generated/src/SYSTM001/SYSTM001.o
 .text.SYSTM001_lTimerHandler
                0x080054fc       0x94 Dave/Generated/src/SYSTM001/SYSTM001.o
 .text.SysTick_Handler
                0x08005590       0x5c Dave/Generated/src/SYSTM001/SYSTM001.o
                0x08005590                SysTick_Handler
 .text.SYSTM001_Init
                0x080055ec       0x64 Dave/Generated/src/SYSTM001/SYSTM001.o
                0x080055ec                SYSTM001_Init
 .text.SYSTM001_CreateTimer
                0x08005650      0x1a0 Dave/Generated/src/SYSTM001/SYSTM001.o
                0x08005650                SYSTM001_CreateTimer
 .text.SYSTM001_StartTimer
                0x080057f0       0xb4 Dave/Generated/src/SYSTM001/SYSTM001.o
                0x080057f0                SYSTM001_StartTimer
 .text.SYSTM001_StopTimer
                0x080058a4       0x90 Dave/Generated/src/SYSTM001/SYSTM001.o
                0x080058a4                SYSTM001_StopTimer
 .text.SYSTM001_DeleteTimer
                0x08005934       0x9c Dave/Generated/src/SYSTM001/SYSTM001.o
                0x08005934                SYSTM001_DeleteTimer
 .text.SYSTM001_GetTime
                0x080059d0       0x18 Dave/Generated/src/SYSTM001/SYSTM001.o
                0x080059d0                SYSTM001_GetTime
 .text.SYSTM001_GetSysTickCount
                0x080059e8       0x28 Dave/Generated/src/SYSTM001/SYSTM001.o
                0x080059e8                SYSTM001_GetSysTickCount
 .text          0x08005a10        0x0 Dave/Generated/src/RESET001/RESET001.o
 .text.RESET001_AssertReset
                0x08005a10       0x54 Dave/Generated/src/RESET001/RESET001.o
                0x08005a10                RESET001_AssertReset
 .text.RESET001_DeassertReset
                0x08005a64       0x54 Dave/Generated/src/RESET001/RESET001.o
                0x08005a64                RESET001_DeassertReset
 .text.RESET001_GetResetInfo
                0x08005ab8       0x2c Dave/Generated/src/RESET001/RESET001.o
                0x08005ab8                RESET001_GetResetInfo
 .text.RESET001_GetStatus
                0x08005ae4       0x7c Dave/Generated/src/RESET001/RESET001.o
                0x08005ae4                RESET001_GetStatus
 .text.RESET001_ClearResetInfo
                0x08005b60       0x28 Dave/Generated/src/RESET001/RESET001.o
                0x08005b60                RESET001_ClearResetInfo
 .text          0x08005b88        0x0 Dave/Generated/src/LIBS/CCU8PWMLIB.o
 .text          0x08005b88        0x0 Dave/Generated/src/LIBS/MOTORLIB.o
 .text          0x08005b88        0x0 Dave/Generated/src/IO004/IO004.o
 .text.IO004_Init
                0x08005b88      0x1ec Dave/Generated/src/IO004/IO004.o
                0x08005b88                IO004_Init
 .text.IO004_DisableOutputDriver
                0x08005d74      0x17c Dave/Generated/src/IO004/IO004.o
                0x08005d74                IO004_DisableOutputDriver
 .text.IO004_EnableOutputDriver
                0x08005ef0      0x17c Dave/Generated/src/IO004/IO004.o
                0x08005ef0                IO004_EnableOutputDriver
 .text          0x0800606c        0x0 Dave/Generated/src/IO004/IO004_Conf.o
 .text          0x0800606c        0x0 Dave/Generated/src/I2C001/I2C001.o
 .text.I2C001_lInit
                0x0800606c      0x1bc Dave/Generated/src/I2C001/I2C001.o
                0x0800606c                I2C001_lInit
 .text.I2C001_lConfigureBitRate
                0x08006228      0x1a0 Dave/Generated/src/I2C001/I2C001.o
                0x08006228                I2C001_lConfigureBitRate
 .text.I2C001_Init
                0x080063c8       0xd8 Dave/Generated/src/I2C001/I2C001.o
                0x080063c8                I2C001_Init
 .text.I2C001_DeInit
                0x080064a0        0xc Dave/Generated/src/I2C001/I2C001.o
                0x080064a0                I2C001_DeInit
 .text.I2C001_Configure
                0x080064ac      0x100 Dave/Generated/src/I2C001/I2C001.o
                0x080064ac                I2C001_Configure
 .text.I2C001_ReadData
                0x080065ac       0x54 Dave/Generated/src/I2C001/I2C001.o
                0x080065ac                I2C001_ReadData
 .text.I2C001_WriteData
                0x08006600       0x6c Dave/Generated/src/I2C001/I2C001.o
                0x08006600                I2C001_WriteData
 .text.I2C001_GetFlagStatus
                0x0800666c       0xc8 Dave/Generated/src/I2C001/I2C001.o
                0x0800666c                I2C001_GetFlagStatus
 .text.I2C001_ClearFlag
                0x08006734       0x84 Dave/Generated/src/I2C001/I2C001.o
                0x08006734                I2C001_ClearFlag
 .text          0x080067b8        0x0 Dave/Generated/src/I2C001/I2C001_Conf.o
 .text          0x080067b8        0x0 Dave/Generated/src/DAVESupport/DAVE3.o
 .text.NVIC_SetPriorityGrouping
                0x080067b8       0x50 Dave/Generated/src/DAVESupport/DAVE3.o
 .text.DAVE_Init
                0x08006808       0x2c Dave/Generated/src/DAVESupport/DAVE3.o
                0x08006808                DAVE_Init
 .text.SystemInit_DAVE3
                0x08006834        0xc Dave/Generated/src/DAVESupport/DAVE3.o
                0x08006834                SystemInit_DAVE3
 .text          0x08006840        0x0 Dave/Generated/src/DAVESupport/MULTIPLEXER.o
 .text.DAVE_MUX_Init
                0x08006840      0x210 Dave/Generated/src/DAVESupport/MULTIPLEXER.o
                0x08006840                DAVE_MUX_Init
 .text.DAVE_MUX_PreInit
                0x08006a50        0xc Dave/Generated/src/DAVESupport/MULTIPLEXER.o
                0x08006a50                DAVE_MUX_PreInit
 .text          0x08006a5c        0x0 Dave/Generated/src/CLK001/CLK001.o
 .text.CLK001_Delay
                0x08006a5c       0x34 Dave/Generated/src/CLK001/CLK001.o
 .text.CLK001_SysClk_Valid
                0x08006a90       0x38 Dave/Generated/src/CLK001/CLK001.o
 .text.CLK001_BackupClkTrim
                0x08006ac8       0x94 Dave/Generated/src/CLK001/CLK001.o
 .text.CLK001_SetMainPLLClkSrc
                0x08006b5c       0xf0 Dave/Generated/src/CLK001/CLK001.o
 .text.CLK001_ConfigMainPLL
                0x08006c4c      0x15c Dave/Generated/src/CLK001/CLK001.o
 .text.CLK001_FreqStepupMainPLL
                0x08006da8      0x164 Dave/Generated/src/CLK001/CLK001.o
 .text.CLK001_SysClk_Init
                0x08006f0c       0x50 Dave/Generated/src/CLK001/CLK001.o
 .text.CLK001_Init
                0x08006f5c       0x30 Dave/Generated/src/CLK001/CLK001.o
                0x08006f5c                CLK001_Init
 .text.AllowPLLInitByStartup
                0x08006f8c       0x10 Dave/Generated/src/CLK001/CLK001.o
                0x08006f8c                AllowPLLInitByStartup
 .text          0x08006f9c        0x0 c:/dave-3.1.10/arm-gcc/bin/../lib/gcc/arm-none-eabi/4.7.4/../../../../arm-none-eabi/lib/armv7e-m\libm.a(lib_a-s_ceil.o)
 *fill*         0x08006f9c        0x4 00
 .text.ceil     0x08006fa0      0x120 c:/dave-3.1.10/arm-gcc/bin/../lib/gcc/arm-none-eabi/4.7.4/../../../../arm-none-eabi/lib/armv7e-m\libm.a(lib_a-s_ceil.o)
                0x08006fa0                ceil
 .text          0x080070c0        0x0 c:/dave-3.1.10/arm-gcc/bin/../lib/gcc/arm-none-eabi/4.7.4/../../../../arm-none-eabi/lib/armv7e-m\libm.a(lib_a-s_round.o)
 .text.round    0x080070c0       0xa0 c:/dave-3.1.10/arm-gcc/bin/../lib/gcc/arm-none-eabi/4.7.4/../../../../arm-none-eabi/lib/armv7e-m\libm.a(lib_a-s_round.o)
                0x080070c0                round
 .text          0x08007160      0x370 c:/dave-3.1.10/arm-gcc/bin/../lib/gcc/arm-none-eabi/4.7.4/armv7e-m\libgcc.a(_arm_addsubdf3.o)
                0x08007160                __aeabi_drsub
                0x08007168                __aeabi_dsub
                0x08007168                __subdf3
                0x0800716c                __aeabi_dadd
                0x0800716c                __adddf3
                0x080073e4                __floatunsidf
                0x080073e4                __aeabi_ui2d
                0x08007404                __floatsidf
                0x08007404                __aeabi_i2d
                0x08007428                __aeabi_f2d
                0x08007428                __extendsfdf2
                0x08007464                __floatundidf
                0x08007464                __aeabi_ul2d
                0x08007474                __floatdidf
                0x08007474                __aeabi_l2d
 .text          0x080074d0      0x424 c:/dave-3.1.10/arm-gcc/bin/../lib/gcc/arm-none-eabi/4.7.4/armv7e-m\libgcc.a(_arm_muldivdf3.o)
                0x080074d0                __aeabi_dmul
                0x080074d0                __muldf3
                0x08007724                __divdf3
                0x08007724                __aeabi_ddiv
 .text          0x080078f4      0x110 c:/dave-3.1.10/arm-gcc/bin/../lib/gcc/arm-none-eabi/4.7.4/armv7e-m\libgcc.a(_arm_cmpdf2.o)
                0x080078f4                __gtdf2
                0x080078f4                __gedf2
                0x080078fc                __ltdf2
                0x080078fc                __ledf2
                0x08007904                __nedf2
                0x08007904                __eqdf2
                0x08007904                __cmpdf2
                0x08007980                __aeabi_cdrcmple
                0x08007990                __aeabi_cdcmpeq
                0x08007990                __aeabi_cdcmple
                0x080079a0                __aeabi_dcmpeq
                0x080079b4                __aeabi_dcmplt
                0x080079c8                __aeabi_dcmple
                0x080079dc                __aeabi_dcmpge
                0x080079f0                __aeabi_dcmpgt
 .text          0x08007a04       0x50 c:/dave-3.1.10/arm-gcc/bin/../lib/gcc/arm-none-eabi/4.7.4/armv7e-m\libgcc.a(_arm_fixdfsi.o)
                0x08007a04                __aeabi_d2iz
                0x08007a04                __fixdfsi
 .text          0x08007a54       0xa0 c:/dave-3.1.10/arm-gcc/bin/../lib/gcc/arm-none-eabi/4.7.4/armv7e-m\libgcc.a(_arm_truncdfsf2.o)
                0x08007a54                __truncdfsf2
                0x08007a54                __aeabi_d2f
 .text          0x08007af4        0x0 c:/dave-3.1.10/arm-gcc/bin/../lib/gcc/arm-none-eabi/4.7.4/../../../../arm-none-eabi/lib/armv7e-m\libg.a(lib_a-init.o)
 .text.__libc_init_array
                0x08007af4       0x94 c:/dave-3.1.10/arm-gcc/bin/../lib/gcc/arm-none-eabi/4.7.4/../../../../arm-none-eabi/lib/armv7e-m\libg.a(lib_a-init.o)
                0x08007af4                __libc_init_array
 .text          0x08007b88        0x0 c:/dave-3.1.10/arm-gcc/bin/../lib/gcc/arm-none-eabi/4.7.4/../../../../arm-none-eabi/lib/armv7e-m\libg.a(lib_a-memcpy.o)
 .text.memcpy   0x08007b88      0x144 c:/dave-3.1.10/arm-gcc/bin/../lib/gcc/arm-none-eabi/4.7.4/../../../../arm-none-eabi/lib/armv7e-m\libg.a(lib_a-memcpy.o)
                0x08007b88                memcpy
 .text          0x08007ccc        0x0 c:/dave-3.1.10/arm-gcc/bin/../lib/gcc/arm-none-eabi/4.7.4/../../../../arm-none-eabi/lib/armv7e-m\libg.a(lib_a-strcmp.o)
 .text.strcmp   0x08007ccc       0x80 c:/dave-3.1.10/arm-gcc/bin/../lib/gcc/arm-none-eabi/4.7.4/../../../../arm-none-eabi/lib/armv7e-m\libg.a(lib_a-strcmp.o)
                0x08007ccc                strcmp
 .text.strcmp_unaligned
                0x08007d4c      0x15c c:/dave-3.1.10/arm-gcc/bin/../lib/gcc/arm-none-eabi/4.7.4/../../../../arm-none-eabi/lib/armv7e-m\libg.a(lib_a-strcmp.o)
 .text          0x08007ea8        0x0 c:/dave-3.1.10/arm-gcc/bin/../lib/gcc/arm-none-eabi/4.7.4/../../../../arm-none-eabi/lib/armv7e-m\libg.a(lib_a-strlen.o)
 .text.strlen   0x08007ea8       0x60 c:/dave-3.1.10/arm-gcc/bin/../lib/gcc/arm-none-eabi/4.7.4/../../../../arm-none-eabi/lib/armv7e-m\libg.a(lib_a-strlen.o)
                0x08007ea8                strlen
 .text          0x08007f08        0x0 c:/dave-3.1.10/arm-gcc/bin/../lib/gcc/arm-none-eabi/4.7.4/../../../../arm-none-eabi/lib/armv7e-m\libg.a(lib_a-strstr.o)
 .text.critical_factorization
                0x08007f08       0xbc c:/dave-3.1.10/arm-gcc/bin/../lib/gcc/arm-none-eabi/4.7.4/../../../../arm-none-eabi/lib/armv7e-m\libg.a(lib_a-strstr.o)
 .text.two_way_long_needle
                0x08007fc4      0x318 c:/dave-3.1.10/arm-gcc/bin/../lib/gcc/arm-none-eabi/4.7.4/../../../../arm-none-eabi/lib/armv7e-m\libg.a(lib_a-strstr.o)
 .text.strstr   0x080082dc      0x2f0 c:/dave-3.1.10/arm-gcc/bin/../lib/gcc/arm-none-eabi/4.7.4/../../../../arm-none-eabi/lib/armv7e-m\libg.a(lib_a-strstr.o)
                0x080082dc                strstr
 .text          0x080085cc        0x0 c:/dave-3.1.10/arm-gcc/bin/../lib/gcc/arm-none-eabi/4.7.4/../../../../arm-none-eabi/lib/armv7e-m\libg.a(lib_a-memchr.o)
 .text.memchr   0x080085cc      0x140 c:/dave-3.1.10/arm-gcc/bin/../lib/gcc/arm-none-eabi/4.7.4/../../../../arm-none-eabi/lib/armv7e-m\libg.a(lib_a-memchr.o)
                0x080085cc                memchr
 .text          0x0800870c        0x0 c:/dave-3.1.10/arm-gcc/bin/../lib/gcc/arm-none-eabi/4.7.4/../../../../arm-none-eabi/lib/armv7e-m\libg.a(lib_a-memcmp.o)
 .text.memcmp   0x0800870c       0xb8 c:/dave-3.1.10/arm-gcc/bin/../lib/gcc/arm-none-eabi/4.7.4/../../../../arm-none-eabi/lib/armv7e-m\libg.a(lib_a-memcmp.o)
                0x0800870c                memcmp
 .text          0x080087c4        0x0 c:/dave-3.1.10/arm-gcc/bin/../lib/gcc/arm-none-eabi/4.7.4/../../../../arm-none-eabi/lib/armv7e-m\libg.a(lib_a-strchr.o)
 .text.strchr   0x080087c4       0xfc c:/dave-3.1.10/arm-gcc/bin/../lib/gcc/arm-none-eabi/4.7.4/../../../../arm-none-eabi/lib/armv7e-m\libg.a(lib_a-strchr.o)
                0x080087c4                strchr
 *(.glue*)
 .glue_7        0x00000000        0x0 linker stubs
 .glue_7t       0x00000000        0x0 linker stubs
 *(.v4*)
 .v4_bx         0x00000000        0x0 linker stubs
 *(.vfp11_veneer)
 .vfp11_veneer  0x00000000        0x0 linker stubs
 *(.init)
                0x080088c0                __preinit_array_start = .
 *(.preinit_array)
                0x080088c0                __preinit_array_end = .
                0x080088c0                __init_array_start = .
 *(SORT(.init_array.*))
 *(.init_array)
                0x080088c0                __init_array_end = .
 *crtbegin.o(.ctors)
 *(EXCLUDE_FILE(*crtend.o) .ctors)
 *(SORT(.ctors.*))
 *crtend.o(.ctors)
 *(.fini)
                0x080088c0                __fini_array_start = .
 *(.fini_array)
 *(SORT(.fini_array.*))
                0x080088c0                __fini_array_end = .
 *crtbegin.o(.dtors)
 *(EXCLUDE_FILE(*crtend.o) .dtors)
 *(SORT(.dtors.*))
 *crtend.o(.dtors)
                0x080088c0                __extab_start = .
 *(.ARM.extab* .gnu.linkonce.armextab.*)
 .ARM.extab.Xmc4500.reset
                0x080088c0        0x0 Startup/startup_XMC4500.o
 .ARM.extab.Xmc4500.postreset
                0x080088c0        0x0 Startup/startup_XMC4500.o
                0x080088c0                . = ALIGN (0x4)
                0x080088c0                __extab_end = ABSOLUTE (.)

.iplt           0x080088c0        0x0 load address 0x0c0088c0
 .iplt          0x00000000        0x0 Bluetooth.o

.ARM.exidx      0x080088c0       0x10 load address 0x0c0088c0
                0x080088c0                __exidx_start = .
 *(.ARM.exidx* .gnu.linkonce.armexidx.*)
 .ARM.exidx.Xmc4500.reset
                0x080088c0        0x8 Startup/startup_XMC4500.o
 .ARM.exidx.Xmc4500.postreset
                0x080088c8        0x8 Startup/startup_XMC4500.o
                0x080088d0                . = ALIGN (0x4)
                0x080088d0                __exidx_end = ABSOLUTE (.)

.rodata         0x080088d0      0x168 load address 0x0c0088d0
 *(.rodata .rodata.*)
 .rodata        0x080088d0       0xf4 Bluetooth.o
 .rodata        0x080089c4       0x34 Dave/Generated/src/UART001/UART001_Conf.o
                0x080089c4                UART001_Handle0
 .rodata        0x080089f8       0x28 Dave/Generated/src/IO004/IO004_Conf.o
                0x080089f8                IO004_Handle0
                0x08008a00                IO004_Handle1
                0x08008a08                IO004_Handle2
                0x08008a10                IO004_Handle3
                0x08008a18                IO004_Handle4
 .rodata        0x08008a20       0x18 Dave/Generated/src/I2C001/I2C001_Conf.o
                0x08008a20                I2C001_Handle0
 *(.gnu.linkonce.r*)

.rel.dyn        0x08008a38        0x0 load address 0x0c008a38
 .rel.iplt      0x00000000        0x0 Bluetooth.o
                0x08008a40                . = ALIGN (0x10)
                0x0c008a40                eROData = (. | 0x4000000)

Stack           0x10000000      0x800
                0x10000800                . = (. + stack_size)
 *fill*         0x10000000      0x800 00
                0x10000800                __Xmc4500_stack = .

.data3          0x10000800        0x0
                0x10000800                __data3_start = .
 *(.data3)
                0x10000800                __data3_end = .
                0x00000000                __data3_size = (__data3_end - __data3_start)

.data           0x20000000       0x18 load address 0x0c008a40
                0x20000000                __Xmc4500_sData = .
 *(.data)
 .data          0x20000000        0x0 Bluetooth.o
 .data          0x20000000       0x10 LSM9DS1_drivers.o
                0x20000000                magSensitivity
 .data          0x20000010        0x0 Main.o
 .data          0x20000010        0x0 timerFunctions.o
 .data          0x20000010        0x0 timerFunctionsLSM.o
 .data          0x20000010        0x0 Startup/startup_XMC4500.o
 .data          0x20000010        0x4 Startup/system_XMC4500.o
                0x20000010                SystemCoreClock
 .data          0x20000014        0x0 Lib/System_LibcStubs.o
 .data          0x20000014        0x0 Dave/Generated/src/UART001/UART001.o
 .data          0x20000014        0x4 Dave/Generated/src/UART001/UART001_Conf.o
                0x20000014                UART001_HandleArray
 .data          0x20000018        0x0 Dave/Generated/src/SYSTM001/SYSTM001.o
 .data          0x20000018        0x0 Dave/Generated/src/RESET001/RESET001.o
 .data          0x20000018        0x0 Dave/Generated/src/LIBS/CCU8PWMLIB.o
 .data          0x20000018        0x0 Dave/Generated/src/LIBS/MOTORLIB.o
 .data          0x20000018        0x0 Dave/Generated/src/IO004/IO004.o
 .data          0x20000018        0x0 Dave/Generated/src/IO004/IO004_Conf.o
 .data          0x20000018        0x0 Dave/Generated/src/I2C001/I2C001.o
 .data          0x20000018        0x0 Dave/Generated/src/I2C001/I2C001_Conf.o
 .data          0x20000018        0x0 Dave/Generated/src/DAVESupport/DAVE3.o
 .data          0x20000018        0x0 Dave/Generated/src/DAVESupport/MULTIPLEXER.o
 .data          0x20000018        0x0 Dave/Generated/src/CLK001/CLK001.o
 .data          0x20000018        0x0 c:/dave-3.1.10/arm-gcc/bin/../lib/gcc/arm-none-eabi/4.7.4/../../../../arm-none-eabi/lib/armv7e-m\libm.a(lib_a-s_ceil.o)
 .data          0x20000018        0x0 c:/dave-3.1.10/arm-gcc/bin/../lib/gcc/arm-none-eabi/4.7.4/../../../../arm-none-eabi/lib/armv7e-m\libm.a(lib_a-s_round.o)
 .data          0x20000018        0x0 c:/dave-3.1.10/arm-gcc/bin/../lib/gcc/arm-none-eabi/4.7.4/armv7e-m\libgcc.a(_arm_addsubdf3.o)
 .data          0x20000018        0x0 c:/dave-3.1.10/arm-gcc/bin/../lib/gcc/arm-none-eabi/4.7.4/armv7e-m\libgcc.a(_arm_muldivdf3.o)
 .data          0x20000018        0x0 c:/dave-3.1.10/arm-gcc/bin/../lib/gcc/arm-none-eabi/4.7.4/armv7e-m\libgcc.a(_arm_cmpdf2.o)
 .data          0x20000018        0x0 c:/dave-3.1.10/arm-gcc/bin/../lib/gcc/arm-none-eabi/4.7.4/armv7e-m\libgcc.a(_arm_fixdfsi.o)
 .data          0x20000018        0x0 c:/dave-3.1.10/arm-gcc/bin/../lib/gcc/arm-none-eabi/4.7.4/armv7e-m\libgcc.a(_arm_truncdfsf2.o)
 .data          0x20000018        0x0 c:/dave-3.1.10/arm-gcc/bin/../lib/gcc/arm-none-eabi/4.7.4/../../../../arm-none-eabi/lib/armv7e-m\libg.a(lib_a-init.o)
 .data          0x20000018        0x0 c:/dave-3.1.10/arm-gcc/bin/../lib/gcc/arm-none-eabi/4.7.4/../../../../arm-none-eabi/lib/armv7e-m\libg.a(lib_a-memcpy.o)
 .data          0x20000018        0x0 c:/dave-3.1.10/arm-gcc/bin/../lib/gcc/arm-none-eabi/4.7.4/../../../../arm-none-eabi/lib/armv7e-m\libg.a(lib_a-strcmp.o)
 .data          0x20000018        0x0 c:/dave-3.1.10/arm-gcc/bin/../lib/gcc/arm-none-eabi/4.7.4/../../../../arm-none-eabi/lib/armv7e-m\libg.a(lib_a-strlen.o)
 .data          0x20000018        0x0 c:/dave-3.1.10/arm-gcc/bin/../lib/gcc/arm-none-eabi/4.7.4/../../../../arm-none-eabi/lib/armv7e-m\libg.a(lib_a-strstr.o)
 .data          0x20000018        0x0 c:/dave-3.1.10/arm-gcc/bin/../lib/gcc/arm-none-eabi/4.7.4/../../../../arm-none-eabi/lib/armv7e-m\libg.a(lib_a-memchr.o)
 .data          0x20000018        0x0 c:/dave-3.1.10/arm-gcc/bin/../lib/gcc/arm-none-eabi/4.7.4/../../../../arm-none-eabi/lib/armv7e-m\libg.a(lib_a-memcmp.o)
 .data          0x20000018        0x0 c:/dave-3.1.10/arm-gcc/bin/../lib/gcc/arm-none-eabi/4.7.4/../../../../arm-none-eabi/lib/armv7e-m\libg.a(lib_a-strchr.o)
 *(.data*)
 *(*.data)
 *(.gnu.linkonce.d*)
                0x20000018                __Xmc4500_eData = ALIGN (0x4)
                0x00000018                __Xmc4500_Data_Size = (__Xmc4500_eData - __Xmc4500_sData)

.igot.plt       0x20000018        0x0 load address 0x0c008a58
 .igot.plt      0x00000000        0x0 Bluetooth.o

.ram_code       0x10000800        0x0 load address 0x0c008a58
                0x10000800                __ram_code_start = .
 *(.ram_code)
                0x10000800                __ram_code_end = .
                0x0c008a58                __ram_code_load = LOADADDR (.ram_code)
                0x00000000                __ram_code_size = (__ram_code_end - __ram_code_start)

.bss            0x20000018     0x2198 load address 0x0c008a58
                0x20000018                __Xmc4500_sBSS = .
 *(.bss)
 .bss           0x20000018        0x0 Bluetooth.o
 .bss           0x20000018        0xc LSM9DS1_drivers.o
                0x20000018                indexAccel
                0x2000001c                accelMeasurements
                0x20000020                gyroMeasurements
 .bss           0x20000024        0x0 Main.o
 .bss           0x20000024        0x0 timerFunctions.o
 .bss           0x20000024       0x24 timerFunctionsLSM.o
                0x20000024                indexI2CreadByte
                0x20000028                addressTimer
                0x20000029                subAddressTimer
                0x2000002a                DataReceive2
                0x2000002c                indexI2CreadBytes
                0x20000030                addressTimerI2CReadBytes
                0x20000031                subAddressTimerI2CReadBytes
                0x20000034                indexI2CwriteByte
                0x20000038                addressTimerWrite
                0x20000039                subAddressTimerWrite
                0x2000003a                dataWrite
                0x2000003c                accelerationXYZ
 .bss           0x20000048        0x0 Startup/startup_XMC4500.o
 .bss           0x20000048        0x0 Startup/system_XMC4500.o
 .bss           0x20000048        0xc Lib/System_LibcStubs.o
                0x20000048                __dso_handle
 .bss           0x20000054        0x0 Dave/Generated/src/UART001/UART001.o
 .bss           0x20000054        0x0 Dave/Generated/src/UART001/UART001_Conf.o
 .bss           0x20000054        0xc Dave/Generated/src/SYSTM001/SYSTM001.o
                0x20000054                TimerList
                0x20000058                TimerTracker
                0x2000005c                SysTickCount
 .bss           0x20000060        0x0 Dave/Generated/src/RESET001/RESET001.o
 .bss           0x20000060        0x0 Dave/Generated/src/LIBS/CCU8PWMLIB.o
 .bss           0x20000060        0x0 Dave/Generated/src/LIBS/MOTORLIB.o
 .bss           0x20000060        0x0 Dave/Generated/src/IO004/IO004.o
 .bss           0x20000060        0x0 Dave/Generated/src/IO004/IO004_Conf.o
 .bss           0x20000060        0x0 Dave/Generated/src/I2C001/I2C001.o
 .bss           0x20000060        0x0 Dave/Generated/src/I2C001/I2C001_Conf.o
 .bss           0x20000060        0x0 Dave/Generated/src/DAVESupport/DAVE3.o
 .bss           0x20000060        0x0 Dave/Generated/src/DAVESupport/MULTIPLEXER.o
 .bss           0x20000060        0x8 Dave/Generated/src/CLK001/CLK001.o
 .bss           0x20000068        0x0 c:/dave-3.1.10/arm-gcc/bin/../lib/gcc/arm-none-eabi/4.7.4/../../../../arm-none-eabi/lib/armv7e-m\libm.a(lib_a-s_ceil.o)
 .bss           0x20000068        0x0 c:/dave-3.1.10/arm-gcc/bin/../lib/gcc/arm-none-eabi/4.7.4/../../../../arm-none-eabi/lib/armv7e-m\libm.a(lib_a-s_round.o)
 .bss           0x20000068        0x0 c:/dave-3.1.10/arm-gcc/bin/../lib/gcc/arm-none-eabi/4.7.4/armv7e-m\libgcc.a(_arm_addsubdf3.o)
 .bss           0x20000068        0x0 c:/dave-3.1.10/arm-gcc/bin/../lib/gcc/arm-none-eabi/4.7.4/armv7e-m\libgcc.a(_arm_muldivdf3.o)
 .bss           0x20000068        0x0 c:/dave-3.1.10/arm-gcc/bin/../lib/gcc/arm-none-eabi/4.7.4/armv7e-m\libgcc.a(_arm_cmpdf2.o)
 .bss           0x20000068        0x0 c:/dave-3.1.10/arm-gcc/bin/../lib/gcc/arm-none-eabi/4.7.4/armv7e-m\libgcc.a(_arm_fixdfsi.o)
 .bss           0x20000068        0x0 c:/dave-3.1.10/arm-gcc/bin/../lib/gcc/arm-none-eabi/4.7.4/armv7e-m\libgcc.a(_arm_truncdfsf2.o)
 .bss           0x20000068        0x0 c:/dave-3.1.10/arm-gcc/bin/../lib/gcc/arm-none-eabi/4.7.4/../../../../arm-none-eabi/lib/armv7e-m\libg.a(lib_a-init.o)
 .bss           0x20000068        0x0 c:/dave-3.1.10/arm-gcc/bin/../lib/gcc/arm-none-eabi/4.7.4/../../../../arm-none-eabi/lib/armv7e-m\libg.a(lib_a-memcpy.o)
 .bss           0x20000068        0x0 c:/dave-3.1.10/arm-gcc/bin/../lib/gcc/arm-none-eabi/4.7.4/../../../../arm-none-eabi/lib/armv7e-m\libg.a(lib_a-strcmp.o)
 .bss           0x20000068        0x0 c:/dave-3.1.10/arm-gcc/bin/../lib/gcc/arm-none-eabi/4.7.4/../../../../arm-none-eabi/lib/armv7e-m\libg.a(lib_a-strlen.o)
 .bss           0x20000068        0x0 c:/dave-3.1.10/arm-gcc/bin/../lib/gcc/arm-none-eabi/4.7.4/../../../../arm-none-eabi/lib/armv7e-m\libg.a(lib_a-strstr.o)
 .bss           0x20000068        0x0 c:/dave-3.1.10/arm-gcc/bin/../lib/gcc/arm-none-eabi/4.7.4/../../../../arm-none-eabi/lib/armv7e-m\libg.a(lib_a-memchr.o)
 .bss           0x20000068        0x0 c:/dave-3.1.10/arm-gcc/bin/../lib/gcc/arm-none-eabi/4.7.4/../../../../arm-none-eabi/lib/armv7e-m\libg.a(lib_a-memcmp.o)
 .bss           0x20000068        0x0 c:/dave-3.1.10/arm-gcc/bin/../lib/gcc/arm-none-eabi/4.7.4/../../../../arm-none-eabi/lib/armv7e-m\libg.a(lib_a-strchr.o)
 *(.bss*)
 *(COMMON)
 COMMON         0x20000068      0x5d8 Bluetooth.o
                0x20000068                aBias
                0x20000074                mBiasRaw
                0x2000007c                StatusReadBytes
                0x20000080                receiveStatus
                0x20000084                emergencySentStatus
                0x20000088                statusSent
                0x2000008c                settings
                0x200000b4                statusRxFifoFilling
                0x200000b8                _autoCalc
                0x200000b9                sendStatus
                0x200000bc                transmitID
                0x200000c0                lastStageOfInitializationBt
                0x200000c4                Status
                0x200000c8                l
                0x200000cc                k
                0x200000d0                gy
                0x200000d2                az
                0x200000d4                dataToSend
                0x20000138                commandsInitBt
                0x20000458                temperature
                0x2000045c                WriteTimerId
                0x20000460                my
                0x20000464                emergencyReadID
                0x20000468                lengthReceive
                0x2000046c                TimerIdReceive
                0x20000470                copiedData
                0x200004b8                dataToReceive
                0x2000051c                initStatus
                0x20000520                StatusReceive
                0x20000524                z
                0x20000528                ax
                0x2000052c                aRes
                0x20000530                _mAddress
                0x20000534                TimerIDSetConnection
                0x20000538                readStatus
                0x20000539                _xgAddress
                0x2000053c                TimerIdReadBytes
                0x20000540                emergencyReadStatus
                0x20000544                transmitStatus
                0x20000548                gBiasRaw
                0x20000550                aBiasRaw
                0x20000558                WriteTimerStatus
                0x2000055c                howManyRead
                0x20000560                gz
                0x20000564                statusSetConnection
                0x20000568                receiveID
                0x2000056c                gRes
                0x20000570                mz
                0x20000574                readData
                0x200005bc                lk
                0x200005d0                gBias
                0x200005dc                mRes
                0x200005e0                turnOnSendingReceiving
                0x200005e4                emergencySentID
                0x200005e8                m
                0x200005ec                gx
                0x200005ee                ay
                0x200005f0                mx
                0x200005f4                stageOfInitializationBt
                0x200005f8                TimerId
                0x200005fc                checkAnswersBt
                0x20000634                mBias
 COMMON         0x20000640     0x1770 LSM9DS1_drivers.o
                0x20000640                poms
 COMMON         0x20001db0      0x400 Dave/Generated/src/SYSTM001/SYSTM001.o
                0x20001db0                TimerTbl
 *(.gnu.linkonce.b*)
                0x200021b0                __Xmc4500_eBSS = ALIGN (0x4)
                0x200021b0                . = ALIGN (0x4)
                0x200021b0                Heap_Bank1_Start = .
                0x00002198                __Xmc4500_BSS_Size = (__Xmc4500_eBSS - __Xmc4500_sBSS)

.data2          0x30000000        0x0
                0x30000000                __data2_start = .
 *(ETH_RAM)
                0x30000000                __data2_end = .
                0x00000000                __data2_size = (__data2_end - __data2_start)
                0x0000de50                Heap_Bank1_Size = (0x10000 - (Heap_Bank1_Start - ORIGIN (DSRAM_1_system)))

DSRAM2_Heap     0x30000000        0x0
                0x30000000                Heap_Bank2_Start = .
                0x00008000                Heap_Bank2_Size = (0x8000 - (Heap_Bank2_Start - ORIGIN (DSRAM_2_comm)))

PSRAM_Heap      0x10000800        0x0
                0x10000800                Heap_Bank3_Start = .
                0x0000f800                Heap_Bank3_Size = (0x10000 - (Heap_Bank3_Start - ORIGIN (PSRAM_1)))

/DISCARD/
 *(.comment)

.stab
 *(.stab)

.stabstr
 *(.stabstr)

.debug
 *(.debug)

.line
 *(.line)

.debug_srcinfo
 *(.debug_srcinfo)

.debug_sfnames
 *(.debug_sfnames)

.debug_aranges  0x00000000      0x7c0
 *(.debug_aranges)
 .debug_aranges
                0x00000000      0x110 Bluetooth.o
 .debug_aranges
                0x00000110      0x210 LSM9DS1_drivers.o
 .debug_aranges
                0x00000320       0x30 Main.o
 .debug_aranges
                0x00000350       0x28 timerFunctions.o
 .debug_aranges
                0x00000378       0x30 timerFunctionsLSM.o
 .debug_aranges
                0x000003a8       0x38 Startup/startup_XMC4500.o
 .debug_aranges
                0x000003e0       0x30 Startup/system_XMC4500.o
 .debug_aranges
                0x00000410       0xa0 Lib/System_LibcStubs.o
 .debug_aranges
                0x000004b0       0x80 Dave/Generated/src/UART001/UART001.o
 .debug_aranges
                0x00000530       0x18 Dave/Generated/src/UART001/UART001_Conf.o
 .debug_aranges
                0x00000548       0x90 Dave/Generated/src/SYSTM001/SYSTM001.o
 .debug_aranges
                0x000005d8       0x40 Dave/Generated/src/RESET001/RESET001.o
 .debug_aranges
                0x00000618       0x18 Dave/Generated/src/LIBS/CCU8PWMLIB.o
 .debug_aranges
                0x00000630       0x18 Dave/Generated/src/LIBS/MOTORLIB.o
 .debug_aranges
                0x00000648       0x30 Dave/Generated/src/IO004/IO004.o
 .debug_aranges
                0x00000678       0x18 Dave/Generated/src/IO004/IO004_Conf.o
 .debug_aranges
                0x00000690       0x60 Dave/Generated/src/I2C001/I2C001.o
 .debug_aranges
                0x000006f0       0x18 Dave/Generated/src/I2C001/I2C001_Conf.o
 .debug_aranges
                0x00000708       0x30 Dave/Generated/src/DAVESupport/DAVE3.o
 .debug_aranges
                0x00000738       0x28 Dave/Generated/src/DAVESupport/MULTIPLEXER.o
 .debug_aranges
                0x00000760       0x60 Dave/Generated/src/CLK001/CLK001.o

.debug_pubnames
 *(.debug_pubnames)

.debug_pubtypes
 *(.debug_pubtypes)

.debug_info     0x00000000     0xb2c8
 *(.debug_info .gnu.linkonce.wi.*)
 .debug_info    0x00000000     0x1805 Bluetooth.o
 .debug_info    0x00001805     0x20a9 LSM9DS1_drivers.o
 .debug_info    0x000038ae      0x63d Main.o
 .debug_info    0x00003eeb      0x1ab timerFunctions.o
 .debug_info    0x00004096      0xd93 timerFunctionsLSM.o
 .debug_info    0x00004e29       0x70 Startup/startup_XMC4500.o
 .debug_info    0x00004e99      0xaf0 Startup/system_XMC4500.o
 .debug_info    0x00005989      0x65f Lib/System_LibcStubs.o
 .debug_info    0x00005fe8      0xfc2 Dave/Generated/src/UART001/UART001.o
 .debug_info    0x00006faa      0x805 Dave/Generated/src/UART001/UART001_Conf.o
 .debug_info    0x000077af      0xc2e Dave/Generated/src/SYSTM001/SYSTM001.o
 .debug_info    0x000083dd      0x47c Dave/Generated/src/RESET001/RESET001.o
 .debug_info    0x00008859       0x94 Dave/Generated/src/LIBS/CCU8PWMLIB.o
 .debug_info    0x000088ed       0x94 Dave/Generated/src/LIBS/MOTORLIB.o
 .debug_info    0x00008981      0x3d3 Dave/Generated/src/IO004/IO004.o
 .debug_info    0x00008d54      0x2ce Dave/Generated/src/IO004/IO004_Conf.o
 .debug_info    0x00009022      0xbd1 Dave/Generated/src/I2C001/I2C001.o
 .debug_info    0x00009bf3      0x54a Dave/Generated/src/I2C001/I2C001_Conf.o
 .debug_info    0x0000a13d      0x2e9 Dave/Generated/src/DAVESupport/DAVE3.o
 .debug_info    0x0000a426      0x819 Dave/Generated/src/DAVESupport/MULTIPLEXER.o
 .debug_info    0x0000ac3f      0x689 Dave/Generated/src/CLK001/CLK001.o

.debug_abbrev   0x00000000     0x1ce3
 *(.debug_abbrev)
 .debug_abbrev  0x00000000      0x330 Bluetooth.o
 .debug_abbrev  0x00000330      0x33a LSM9DS1_drivers.o
 .debug_abbrev  0x0000066a      0x14f Main.o
 .debug_abbrev  0x000007b9       0xb5 timerFunctions.o
 .debug_abbrev  0x0000086e      0x1d4 timerFunctionsLSM.o
 .debug_abbrev  0x00000a42       0x12 Startup/startup_XMC4500.o
 .debug_abbrev  0x00000a54      0x154 Startup/system_XMC4500.o
 .debug_abbrev  0x00000ba8      0x149 Lib/System_LibcStubs.o
 .debug_abbrev  0x00000cf1      0x203 Dave/Generated/src/UART001/UART001.o
 .debug_abbrev  0x00000ef4      0x12c Dave/Generated/src/UART001/UART001_Conf.o
 .debug_abbrev  0x00001020      0x26b Dave/Generated/src/SYSTM001/SYSTM001.o
 .debug_abbrev  0x0000128b      0x122 Dave/Generated/src/RESET001/RESET001.o
 .debug_abbrev  0x000013ad       0x4e Dave/Generated/src/LIBS/CCU8PWMLIB.o
 .debug_abbrev  0x000013fb       0x4e Dave/Generated/src/LIBS/MOTORLIB.o
 .debug_abbrev  0x00001449      0x129 Dave/Generated/src/IO004/IO004.o
 .debug_abbrev  0x00001572       0xbb Dave/Generated/src/IO004/IO004_Conf.o
 .debug_abbrev  0x0000162d      0x20a Dave/Generated/src/I2C001/I2C001.o
 .debug_abbrev  0x00001837      0x110 Dave/Generated/src/I2C001/I2C001_Conf.o
 .debug_abbrev  0x00001947       0xf3 Dave/Generated/src/DAVESupport/DAVE3.o
 .debug_abbrev  0x00001a3a      0x123 Dave/Generated/src/DAVESupport/MULTIPLEXER.o
 .debug_abbrev  0x00001b5d      0x186 Dave/Generated/src/CLK001/CLK001.o

.debug_line     0x00000000     0xa736
 *(.debug_line)
 .debug_line    0x00000000      0xc8a Bluetooth.o
 .debug_line    0x00000c8a     0x1196 LSM9DS1_drivers.o
 .debug_line    0x00001e20      0x99d Main.o
 .debug_line    0x000027bd      0x8a3 timerFunctions.o
 .debug_line    0x00003060      0xa67 timerFunctionsLSM.o
 .debug_line    0x00003ac7      0x130 Startup/startup_XMC4500.o
 .debug_line    0x00003bf7      0x3b7 Startup/system_XMC4500.o
 .debug_line    0x00003fae      0x3c1 Lib/System_LibcStubs.o
 .debug_line    0x0000436f      0x6bd Dave/Generated/src/UART001/UART001.o
 .debug_line    0x00004a2c      0x3d5 Dave/Generated/src/UART001/UART001_Conf.o
 .debug_line    0x00004e01      0xa88 Dave/Generated/src/SYSTM001/SYSTM001.o
 .debug_line    0x00005889      0x41e Dave/Generated/src/RESET001/RESET001.o
 .debug_line    0x00005ca7      0x8b2 Dave/Generated/src/LIBS/CCU8PWMLIB.o
 .debug_line    0x00006559      0x8ae Dave/Generated/src/LIBS/MOTORLIB.o
 .debug_line    0x00006e07      0x915 Dave/Generated/src/IO004/IO004.o
 .debug_line    0x0000771c      0x879 Dave/Generated/src/IO004/IO004_Conf.o
 .debug_line    0x00007f95      0x9b3 Dave/Generated/src/I2C001/I2C001.o
 .debug_line    0x00008948      0x87b Dave/Generated/src/I2C001/I2C001_Conf.o
 .debug_line    0x000091c3      0x864 Dave/Generated/src/DAVESupport/DAVE3.o
 .debug_line    0x00009a27      0x860 Dave/Generated/src/DAVESupport/MULTIPLEXER.o
 .debug_line    0x0000a287      0x4af Dave/Generated/src/CLK001/CLK001.o

.debug_frame    0x00000000     0x1860
 *(.debug_frame)
 .debug_frame   0x00000000      0x3b0 Bluetooth.o
 .debug_frame   0x000003b0      0x7c8 LSM9DS1_drivers.o
 .debug_frame   0x00000b78       0x6c Main.o
 .debug_frame   0x00000be4       0x50 timerFunctions.o
 .debug_frame   0x00000c34       0x70 timerFunctionsLSM.o
 .debug_frame   0x00000ca4       0x6c Startup/system_XMC4500.o
 .debug_frame   0x00000d10      0x1ec Lib/System_LibcStubs.o
 .debug_frame   0x00000efc      0x190 Dave/Generated/src/UART001/UART001.o
 .debug_frame   0x0000108c      0x1d0 Dave/Generated/src/SYSTM001/SYSTM001.o
 .debug_frame   0x0000125c       0x9c Dave/Generated/src/RESET001/RESET001.o
 .debug_frame   0x000012f8       0x64 Dave/Generated/src/IO004/IO004.o
 .debug_frame   0x0000135c      0x114 Dave/Generated/src/I2C001/I2C001.o
 .debug_frame   0x00001470       0x64 Dave/Generated/src/DAVESupport/DAVE3.o
 .debug_frame   0x000014d4       0x48 Dave/Generated/src/DAVESupport/MULTIPLEXER.o
 .debug_frame   0x0000151c      0x120 Dave/Generated/src/CLK001/CLK001.o
 .debug_frame   0x0000163c       0x38 c:/dave-3.1.10/arm-gcc/bin/../lib/gcc/arm-none-eabi/4.7.4/../../../../arm-none-eabi/lib/armv7e-m\libm.a(lib_a-s_ceil.o)
 .debug_frame   0x00001674       0x30 c:/dave-3.1.10/arm-gcc/bin/../lib/gcc/arm-none-eabi/4.7.4/../../../../arm-none-eabi/lib/armv7e-m\libm.a(lib_a-s_round.o)
 .debug_frame   0x000016a4       0x30 c:/dave-3.1.10/arm-gcc/bin/../lib/gcc/arm-none-eabi/4.7.4/../../../../arm-none-eabi/lib/armv7e-m\libg.a(lib_a-init.o)
 .debug_frame   0x000016d4       0x30 c:/dave-3.1.10/arm-gcc/bin/../lib/gcc/arm-none-eabi/4.7.4/../../../../arm-none-eabi/lib/armv7e-m\libg.a(lib_a-memcpy.o)
 .debug_frame   0x00001704       0x30 c:/dave-3.1.10/arm-gcc/bin/../lib/gcc/arm-none-eabi/4.7.4/../../../../arm-none-eabi/lib/armv7e-m\libg.a(lib_a-strcmp.o)
 .debug_frame   0x00001734       0x20 c:/dave-3.1.10/arm-gcc/bin/../lib/gcc/arm-none-eabi/4.7.4/../../../../arm-none-eabi/lib/armv7e-m\libg.a(lib_a-strlen.o)
 .debug_frame   0x00001754       0x88 c:/dave-3.1.10/arm-gcc/bin/../lib/gcc/arm-none-eabi/4.7.4/../../../../arm-none-eabi/lib/armv7e-m\libg.a(lib_a-strstr.o)
 .debug_frame   0x000017dc       0x2c c:/dave-3.1.10/arm-gcc/bin/../lib/gcc/arm-none-eabi/4.7.4/../../../../arm-none-eabi/lib/armv7e-m\libg.a(lib_a-memchr.o)
 .debug_frame   0x00001808       0x2c c:/dave-3.1.10/arm-gcc/bin/../lib/gcc/arm-none-eabi/4.7.4/../../../../arm-none-eabi/lib/armv7e-m\libg.a(lib_a-memcmp.o)
 .debug_frame   0x00001834       0x2c c:/dave-3.1.10/arm-gcc/bin/../lib/gcc/arm-none-eabi/4.7.4/../../../../arm-none-eabi/lib/armv7e-m\libg.a(lib_a-strchr.o)

.debug_str      0x00000000    0x9b99a
 *(.debug_str)
 .debug_str     0x00000000    0x95e8c Bluetooth.o
                              0x963b8 (size before relaxing)
 .debug_str     0x00095e8c     0x229c LSM9DS1_drivers.o
                              0x97bb9 (size before relaxing)
 .debug_str     0x00098128       0x48 Main.o
                              0x958fb (size before relaxing)
 .debug_str     0x00098170       0x71 timerFunctions.o
                              0x92ff4 (size before relaxing)
 .debug_str     0x000981e1      0x199 timerFunctionsLSM.o
                              0x95be5 (size before relaxing)
 .debug_str     0x0009837a      0x62d Startup/system_XMC4500.o
                              0x9046d (size before relaxing)
 .debug_str     0x000989a7     0x14df Lib/System_LibcStubs.o
                               0x588d (size before relaxing)
 .debug_str     0x00099e86      0x515 Dave/Generated/src/UART001/UART001.o
                              0x9156b (size before relaxing)
 .debug_str     0x0009a39b       0x2d Dave/Generated/src/UART001/UART001_Conf.o
                              0x90db7 (size before relaxing)
 .debug_str     0x0009a3c8      0xbb5 Dave/Generated/src/SYSTM001/SYSTM001.o
                              0x93cfc (size before relaxing)
 .debug_str     0x0009af7d      0x225 Dave/Generated/src/RESET001/RESET001.o
                              0x907cc (size before relaxing)
 .debug_str     0x0009b1a2       0x28 Dave/Generated/src/LIBS/CCU8PWMLIB.o
                              0x92f3e (size before relaxing)
 .debug_str     0x0009b1ca       0x26 Dave/Generated/src/LIBS/MOTORLIB.o
                              0x92f3c (size before relaxing)
 .debug_str     0x0009b1f0      0x156 Dave/Generated/src/IO004/IO004.o
                              0x9316d (size before relaxing)
 .debug_str     0x0009b346       0x29 Dave/Generated/src/IO004/IO004_Conf.o
                              0x93034 (size before relaxing)
 .debug_str     0x0009b36f      0x381 Dave/Generated/src/I2C001/I2C001.o
                              0x936d7 (size before relaxing)
 .debug_str     0x0009b6f0       0x2b Dave/Generated/src/I2C001/I2C001_Conf.o
                              0x931b0 (size before relaxing)
 .debug_str     0x0009b71b       0x68 Dave/Generated/src/DAVESupport/DAVE3.o
                              0x9300c (size before relaxing)
 .debug_str     0x0009b783       0x71 Dave/Generated/src/DAVESupport/MULTIPLEXER.o
                              0x93111 (size before relaxing)
 .debug_str     0x0009b7f4      0x1a6 Dave/Generated/src/CLK001/CLK001.o
                              0x90a55 (size before relaxing)

.debug_loc      0x00000000     0x25ee
 *(.debug_loc)
 .debug_loc     0x00000000      0x616 Bluetooth.o
 .debug_loc     0x00000616      0xd76 LSM9DS1_drivers.o
 .debug_loc     0x0000138c       0x9c Main.o
 .debug_loc     0x00001428       0x70 timerFunctions.o
 .debug_loc     0x00001498       0xa8 timerFunctionsLSM.o
 .debug_loc     0x00001540       0xa8 Startup/system_XMC4500.o
 .debug_loc     0x000015e8      0x388 Lib/System_LibcStubs.o
 .debug_loc     0x00001970      0x2e6 Dave/Generated/src/UART001/UART001.o
 .debug_loc     0x00001c56      0x330 Dave/Generated/src/SYSTM001/SYSTM001.o
 .debug_loc     0x00001f86      0x118 Dave/Generated/src/RESET001/RESET001.o
 .debug_loc     0x0000209e       0x9c Dave/Generated/src/IO004/IO004.o
 .debug_loc     0x0000213a      0x1e0 Dave/Generated/src/I2C001/I2C001.o
 .debug_loc     0x0000231a       0x90 Dave/Generated/src/DAVESupport/DAVE3.o
 .debug_loc     0x000023aa       0x64 Dave/Generated/src/DAVESupport/MULTIPLEXER.o
 .debug_loc     0x0000240e      0x1e0 Dave/Generated/src/CLK001/CLK001.o

.debug_macinfo
 *(.debug_macinfo)

.debug_ranges   0x00000000      0x650
 *(.debug_ranges)
 .debug_ranges  0x00000000      0x100 Bluetooth.o
 .debug_ranges  0x00000100      0x200 LSM9DS1_drivers.o
 .debug_ranges  0x00000300       0x20 Main.o
 .debug_ranges  0x00000320       0x18 timerFunctions.o
 .debug_ranges  0x00000338       0x20 timerFunctionsLSM.o
 .debug_ranges  0x00000358       0x30 Startup/startup_XMC4500.o
 .debug_ranges  0x00000388       0x20 Startup/system_XMC4500.o
 .debug_ranges  0x000003a8       0x90 Lib/System_LibcStubs.o
 .debug_ranges  0x00000438       0x70 Dave/Generated/src/UART001/UART001.o
 .debug_ranges  0x000004a8       0x80 Dave/Generated/src/SYSTM001/SYSTM001.o
 .debug_ranges  0x00000528       0x30 Dave/Generated/src/RESET001/RESET001.o
 .debug_ranges  0x00000558       0x20 Dave/Generated/src/IO004/IO004.o
 .debug_ranges  0x00000578       0x50 Dave/Generated/src/I2C001/I2C001.o
 .debug_ranges  0x000005c8       0x20 Dave/Generated/src/DAVESupport/DAVE3.o
 .debug_ranges  0x000005e8       0x18 Dave/Generated/src/DAVESupport/MULTIPLEXER.o
 .debug_ranges  0x00000600       0x50 Dave/Generated/src/CLK001/CLK001.o

.debug_weaknames
 *(.debug_weaknames)

.debug_funcnames
 *(.debug_funcnames)

.debug_typenames
 *(.debug_typenames)

.debug_varnames
 *(.debug_varnames)

.build_attributes
                0x00000000      0x6fd
 *(.ARM.attributes)
 .ARM.attributes
                0x00000000       0x39 Bluetooth.o
 .ARM.attributes
                0x00000039       0x39 LSM9DS1_drivers.o
 .ARM.attributes
                0x00000072       0x39 Main.o
 .ARM.attributes
                0x000000ab       0x39 timerFunctions.o
 .ARM.attributes
                0x000000e4       0x39 timerFunctionsLSM.o
 .ARM.attributes
                0x0000011d       0x27 Startup/startup_XMC4500.o
 .ARM.attributes
                0x00000144       0x39 Startup/system_XMC4500.o
 .ARM.attributes
                0x0000017d       0x39 Lib/System_LibcStubs.o
 .ARM.attributes
                0x000001b6       0x39 Dave/Generated/src/UART001/UART001.o
 .ARM.attributes
                0x000001ef       0x39 Dave/Generated/src/UART001/UART001_Conf.o
 .ARM.attributes
                0x00000228       0x39 Dave/Generated/src/SYSTM001/SYSTM001.o
 .ARM.attributes
                0x00000261       0x39 Dave/Generated/src/RESET001/RESET001.o
 .ARM.attributes
                0x0000029a       0x39 Dave/Generated/src/LIBS/CCU8PWMLIB.o
 .ARM.attributes
                0x000002d3       0x39 Dave/Generated/src/LIBS/MOTORLIB.o
 .ARM.attributes
                0x0000030c       0x39 Dave/Generated/src/IO004/IO004.o
 .ARM.attributes
                0x00000345       0x39 Dave/Generated/src/IO004/IO004_Conf.o
 .ARM.attributes
                0x0000037e       0x39 Dave/Generated/src/I2C001/I2C001.o
 .ARM.attributes
                0x000003b7       0x39 Dave/Generated/src/I2C001/I2C001_Conf.o
 .ARM.attributes
                0x000003f0       0x39 Dave/Generated/src/DAVESupport/DAVE3.o
 .ARM.attributes
                0x00000429       0x39 Dave/Generated/src/DAVESupport/MULTIPLEXER.o
 .ARM.attributes
                0x00000462       0x39 Dave/Generated/src/CLK001/CLK001.o
 .ARM.attributes
                0x0000049b       0x2e c:/dave-3.1.10/arm-gcc/bin/../lib/gcc/arm-none-eabi/4.7.4/../../../../arm-none-eabi/lib/armv7e-m\libm.a(lib_a-s_ceil.o)
 .ARM.attributes
                0x000004c9       0x2e c:/dave-3.1.10/arm-gcc/bin/../lib/gcc/arm-none-eabi/4.7.4/../../../../arm-none-eabi/lib/armv7e-m\libm.a(lib_a-s_round.o)
 .ARM.attributes
                0x000004f7       0x1e c:/dave-3.1.10/arm-gcc/bin/../lib/gcc/arm-none-eabi/4.7.4/armv7e-m\libgcc.a(_arm_addsubdf3.o)
 .ARM.attributes
                0x00000515       0x1e c:/dave-3.1.10/arm-gcc/bin/../lib/gcc/arm-none-eabi/4.7.4/armv7e-m\libgcc.a(_arm_muldivdf3.o)
 .ARM.attributes
                0x00000533       0x1e c:/dave-3.1.10/arm-gcc/bin/../lib/gcc/arm-none-eabi/4.7.4/armv7e-m\libgcc.a(_arm_cmpdf2.o)
 .ARM.attributes
                0x00000551       0x1e c:/dave-3.1.10/arm-gcc/bin/../lib/gcc/arm-none-eabi/4.7.4/armv7e-m\libgcc.a(_arm_fixdfsi.o)
 .ARM.attributes
                0x0000056f       0x1e c:/dave-3.1.10/arm-gcc/bin/../lib/gcc/arm-none-eabi/4.7.4/armv7e-m\libgcc.a(_arm_truncdfsf2.o)
 .ARM.attributes
                0x0000058d       0x2e c:/dave-3.1.10/arm-gcc/bin/../lib/gcc/arm-none-eabi/4.7.4/../../../../arm-none-eabi/lib/armv7e-m\libg.a(lib_a-init.o)
 .ARM.attributes
                0x000005bb       0x2e c:/dave-3.1.10/arm-gcc/bin/../lib/gcc/arm-none-eabi/4.7.4/../../../../arm-none-eabi/lib/armv7e-m\libg.a(lib_a-memcpy.o)
 .ARM.attributes
                0x000005e9       0x2e c:/dave-3.1.10/arm-gcc/bin/../lib/gcc/arm-none-eabi/4.7.4/../../../../arm-none-eabi/lib/armv7e-m\libg.a(lib_a-strcmp.o)
 .ARM.attributes
                0x00000617       0x2e c:/dave-3.1.10/arm-gcc/bin/../lib/gcc/arm-none-eabi/4.7.4/../../../../arm-none-eabi/lib/armv7e-m\libg.a(lib_a-strlen.o)
 .ARM.attributes
                0x00000645       0x2e c:/dave-3.1.10/arm-gcc/bin/../lib/gcc/arm-none-eabi/4.7.4/../../../../arm-none-eabi/lib/armv7e-m\libg.a(lib_a-strstr.o)
 .ARM.attributes
                0x00000673       0x2e c:/dave-3.1.10/arm-gcc/bin/../lib/gcc/arm-none-eabi/4.7.4/../../../../arm-none-eabi/lib/armv7e-m\libg.a(lib_a-memchr.o)
 .ARM.attributes
                0x000006a1       0x2e c:/dave-3.1.10/arm-gcc/bin/../lib/gcc/arm-none-eabi/4.7.4/../../../../arm-none-eabi/lib/armv7e-m\libg.a(lib_a-memcmp.o)
 .ARM.attributes
                0x000006cf       0x2e c:/dave-3.1.10/arm-gcc/bin/../lib/gcc/arm-none-eabi/4.7.4/../../../../arm-none-eabi/lib/armv7e-m\libg.a(lib_a-strchr.o)
OUTPUT(Bachelor.elf elf32-littlearm)

.debug_macro    0x00000000    0x1b1ba
 .debug_macro   0x00000000      0x2bb Bluetooth.o
 .debug_macro   0x000002bb      0x814 Bluetooth.o
 .debug_macro   0x00000acf       0x2d Bluetooth.o
 .debug_macro   0x00000afc       0x3b Bluetooth.o
 .debug_macro   0x00000b37       0x3a Bluetooth.o
 .debug_macro   0x00000b71       0x10 Bluetooth.o
 .debug_macro   0x00000b81       0x2e Bluetooth.o
 .debug_macro   0x00000baf       0xa3 Bluetooth.o
 .debug_macro   0x00000c52      0x20e Bluetooth.o
 .debug_macro   0x00000e60       0x2d Bluetooth.o
 .debug_macro   0x00000e8d       0x42 Bluetooth.o
 .debug_macro   0x00000ecf      0xd39 Bluetooth.o
 .debug_macro   0x00001c08       0x70 Bluetooth.o
 .debug_macro   0x00001c78    0x150f5 Bluetooth.o
 .debug_macro   0x00016d6d      0x16c Bluetooth.o
 .debug_macro   0x00016ed9       0x22 Bluetooth.o
 .debug_macro   0x00016efb      0x54a Bluetooth.o
 .debug_macro   0x00017445       0x64 Bluetooth.o
 .debug_macro   0x000174a9       0x46 Bluetooth.o
 .debug_macro   0x000174ef      0x160 Bluetooth.o
 .debug_macro   0x0001764f      0x130 Bluetooth.o
 .debug_macro   0x0001777f       0x7f Bluetooth.o
 .debug_macro   0x000177fe       0xb4 Bluetooth.o
 .debug_macro   0x000178b2       0xb6 Bluetooth.o
 .debug_macro   0x00017968       0x2e Bluetooth.o
 .debug_macro   0x00017996       0x2d Bluetooth.o
 .debug_macro   0x000179c3       0x28 Bluetooth.o
 .debug_macro   0x000179eb       0x49 Bluetooth.o
 .debug_macro   0x00017a34       0x16 Bluetooth.o
 .debug_macro   0x00017a4a       0x3a Bluetooth.o
 .debug_macro   0x00017a84       0x52 Bluetooth.o
 .debug_macro   0x00017ad6       0x43 Bluetooth.o
 .debug_macro   0x00017b19      0x16d Bluetooth.o
 .debug_macro   0x00017c86       0x35 Bluetooth.o
 .debug_macro   0x00017cbb       0x1c Bluetooth.o
 .debug_macro   0x00017cd7       0x10 Bluetooth.o
 .debug_macro   0x00017ce7       0x16 Bluetooth.o
 .debug_macro   0x00017cfd      0x1cc Bluetooth.o
 .debug_macro   0x00017ec9       0x16 Bluetooth.o
 .debug_macro   0x00017edf       0x10 Bluetooth.o
 .debug_macro   0x00017eef       0x10 Bluetooth.o
 .debug_macro   0x00017eff       0x22 Bluetooth.o
 .debug_macro   0x00017f21       0x91 Bluetooth.o
 .debug_macro   0x00017fb2       0x16 Bluetooth.o
 .debug_macro   0x00017fc8      0x16d Bluetooth.o
 .debug_macro   0x00018135      0x2eb LSM9DS1_drivers.o
 .debug_macro   0x00018420       0x10 LSM9DS1_drivers.o
 .debug_macro   0x00018430       0x10 LSM9DS1_drivers.o
 .debug_macro   0x00018440      0x447 LSM9DS1_drivers.o
 .debug_macro   0x00018887      0x1da LSM9DS1_drivers.o
 .debug_macro   0x00018a61       0x10 LSM9DS1_drivers.o
 .debug_macro   0x00018a71       0x16 LSM9DS1_drivers.o
 .debug_macro   0x00018a87       0x23 LSM9DS1_drivers.o
 .debug_macro   0x00018aaa      0x2a9 Main.o
 .debug_macro   0x00018d53      0x1be timerFunctions.o
 .debug_macro   0x00018f11      0x27b timerFunctionsLSM.o
 .debug_macro   0x0001918c      0x17e Startup/system_XMC4500.o
 .debug_macro   0x0001930a       0x6a Startup/system_XMC4500.o
 .debug_macro   0x00019374      0x119 Lib/System_LibcStubs.o
 .debug_macro   0x0001948d       0x19 Lib/System_LibcStubs.o
 .debug_macro   0x000194a6       0x10 Lib/System_LibcStubs.o
 .debug_macro   0x000194b6       0x16 Lib/System_LibcStubs.o
 .debug_macro   0x000194cc       0x89 Lib/System_LibcStubs.o
 .debug_macro   0x00019555       0xf5 Lib/System_LibcStubs.o
 .debug_macro   0x0001964a       0x34 Lib/System_LibcStubs.o
 .debug_macro   0x0001967e      0x120 Lib/System_LibcStubs.o
 .debug_macro   0x0001979e       0x16 Lib/System_LibcStubs.o
 .debug_macro   0x000197b4      0x495 Lib/System_LibcStubs.o
 .debug_macro   0x00019c49      0x170 Dave/Generated/src/UART001/UART001.o
 .debug_macro   0x00019db9       0xb0 Dave/Generated/src/UART001/UART001.o
 .debug_macro   0x00019e69      0x100 Dave/Generated/src/UART001/UART001_Conf.o
 .debug_macro   0x00019f69      0x270 Dave/Generated/src/SYSTM001/SYSTM001.o
 .debug_macro   0x0001a1d9       0xff Dave/Generated/src/RESET001/RESET001.o
 .debug_macro   0x0001a2d8      0x1b8 Dave/Generated/src/LIBS/CCU8PWMLIB.o
 .debug_macro   0x0001a490      0x1b8 Dave/Generated/src/LIBS/MOTORLIB.o
 .debug_macro   0x0001a648      0x1b4 Dave/Generated/src/IO004/IO004.o
 .debug_macro   0x0001a7fc      0x1b4 Dave/Generated/src/IO004/IO004_Conf.o
 .debug_macro   0x0001a9b0      0x200 Dave/Generated/src/I2C001/I2C001.o
 .debug_macro   0x0001abb0      0x1b4 Dave/Generated/src/I2C001/I2C001_Conf.o
 .debug_macro   0x0001ad64      0x1b4 Dave/Generated/src/DAVESupport/DAVE3.o
 .debug_macro   0x0001af18      0x1b4 Dave/Generated/src/DAVESupport/MULTIPLEXER.o
 .debug_macro   0x0001b0cc       0xee Dave/Generated/src/CLK001/CLK001.o
